###############################################################################
#                                                                             #
# IAR ELF Linker V6.50.3.4676/W32 for ARM               14/Mar/2016  16:36:02 #
# Copyright 2007-2013 IAR Systems AB.                                         #
#                                                                             #
#    Output file  =  D:\STM32F4xx_Ethernet_Example\Project\Standalone\udp_ech #
#                    o_server\EWARM\Discover-More\Exe\Project.out             #
#    Map file     =  D:\STM32F4xx_Ethernet_Example\Project\Standalone\udp_ech #
#                    o_server\EWARM\Discover-More\List\Project.map            #
#    Command line =  D:\STM32F4xx_Ethernet_Example\Project\Standalone\udp_ech #
#                    o_server\EWARM\Discover-More\Obj\api_lib.o               #
#                    D:\STM32F4xx_Ethernet_Example\Project\Standalone\udp_ech #
#                    o_server\EWARM\Discover-More\Obj\api_msg.o               #
#                    D:\STM32F4xx_Ethernet_Example\Project\Standalone\udp_ech #
#                    o_server\EWARM\Discover-More\Obj\autoip.o                #
#                    D:\STM32F4xx_Ethernet_Example\Project\Standalone\udp_ech #
#                    o_server\EWARM\Discover-More\Obj\dhcp.o                  #
#                    D:\STM32F4xx_Ethernet_Example\Project\Standalone\udp_ech #
#                    o_server\EWARM\Discover-More\Obj\dns.o                   #
#                    D:\STM32F4xx_Ethernet_Example\Project\Standalone\udp_ech #
#                    o_server\EWARM\Discover-More\Obj\err.o                   #
#                    D:\STM32F4xx_Ethernet_Example\Project\Standalone\udp_ech #
#                    o_server\EWARM\Discover-More\Obj\etharp.o                #
#                    D:\STM32F4xx_Ethernet_Example\Project\Standalone\udp_ech #
#                    o_server\EWARM\Discover-More\Obj\ethernetif.o            #
#                    D:\STM32F4xx_Ethernet_Example\Project\Standalone\udp_ech #
#                    o_server\EWARM\Discover-More\Obj\icmp.o                  #
#                    D:\STM32F4xx_Ethernet_Example\Project\Standalone\udp_ech #
#                    o_server\EWARM\Discover-More\Obj\igmp.o                  #
#                    D:\STM32F4xx_Ethernet_Example\Project\Standalone\udp_ech #
#                    o_server\EWARM\Discover-More\Obj\inet.o                  #
#                    D:\STM32F4xx_Ethernet_Example\Project\Standalone\udp_ech #
#                    o_server\EWARM\Discover-More\Obj\inet_chksum.o           #
#                    D:\STM32F4xx_Ethernet_Example\Project\Standalone\udp_ech #
#                    o_server\EWARM\Discover-More\Obj\init.o                  #
#                    D:\STM32F4xx_Ethernet_Example\Project\Standalone\udp_ech #
#                    o_server\EWARM\Discover-More\Obj\ip.o                    #
#                    D:\STM32F4xx_Ethernet_Example\Project\Standalone\udp_ech #
#                    o_server\EWARM\Discover-More\Obj\ip_addr.o               #
#                    D:\STM32F4xx_Ethernet_Example\Project\Standalone\udp_ech #
#                    o_server\EWARM\Discover-More\Obj\ip_frag.o               #
#                    D:\STM32F4xx_Ethernet_Example\Project\Standalone\udp_ech #
#                    o_server\EWARM\Discover-More\Obj\loopif.o                #
#                    D:\STM32F4xx_Ethernet_Example\Project\Standalone\udp_ech #
#                    o_server\EWARM\Discover-More\Obj\main.o                  #
#                    D:\STM32F4xx_Ethernet_Example\Project\Standalone\udp_ech #
#                    o_server\EWARM\Discover-More\Obj\mem.o                   #
#                    D:\STM32F4xx_Ethernet_Example\Project\Standalone\udp_ech #
#                    o_server\EWARM\Discover-More\Obj\memp.o                  #
#                    D:\STM32F4xx_Ethernet_Example\Project\Standalone\udp_ech #
#                    o_server\EWARM\Discover-More\Obj\misc.o                  #
#                    D:\STM32F4xx_Ethernet_Example\Project\Standalone\udp_ech #
#                    o_server\EWARM\Discover-More\Obj\netbuf.o                #
#                    D:\STM32F4xx_Ethernet_Example\Project\Standalone\udp_ech #
#                    o_server\EWARM\Discover-More\Obj\netconf.o               #
#                    D:\STM32F4xx_Ethernet_Example\Project\Standalone\udp_ech #
#                    o_server\EWARM\Discover-More\Obj\netdb.o                 #
#                    D:\STM32F4xx_Ethernet_Example\Project\Standalone\udp_ech #
#                    o_server\EWARM\Discover-More\Obj\netif.o                 #
#                    D:\STM32F4xx_Ethernet_Example\Project\Standalone\udp_ech #
#                    o_server\EWARM\Discover-More\Obj\netifapi.o              #
#                    D:\STM32F4xx_Ethernet_Example\Project\Standalone\udp_ech #
#                    o_server\EWARM\Discover-More\Obj\pbuf.o                  #
#                    D:\STM32F4xx_Ethernet_Example\Project\Standalone\udp_ech #
#                    o_server\EWARM\Discover-More\Obj\raw.o                   #
#                    D:\STM32F4xx_Ethernet_Example\Project\Standalone\udp_ech #
#                    o_server\EWARM\Discover-More\Obj\slipif.o                #
#                    D:\STM32F4xx_Ethernet_Example\Project\Standalone\udp_ech #
#                    o_server\EWARM\Discover-More\Obj\sockets.o               #
#                    D:\STM32F4xx_Ethernet_Example\Project\Standalone\udp_ech #
#                    o_server\EWARM\Discover-More\Obj\startup_stm32f4xx.o     #
#                    D:\STM32F4xx_Ethernet_Example\Project\Standalone\udp_ech #
#                    o_server\EWARM\Discover-More\Obj\stats.o                 #
#                    D:\STM32F4xx_Ethernet_Example\Project\Standalone\udp_ech #
#                    o_server\EWARM\Discover-More\Obj\stm32f4_discovery.o     #
#                    D:\STM32F4xx_Ethernet_Example\Project\Standalone\udp_ech #
#                    o_server\EWARM\Discover-More\Obj\stm32f4_discovery_lcd.o #
#                     D:\STM32F4xx_Ethernet_Example\Project\Standalone\udp_ec #
#                    ho_server\EWARM\Discover-More\Obj\stm32f4x7_eth.o        #
#                    D:\STM32F4xx_Ethernet_Example\Project\Standalone\udp_ech #
#                    o_server\EWARM\Discover-More\Obj\stm32f4x7_eth_bsp.o     #
#                    D:\STM32F4xx_Ethernet_Example\Project\Standalone\udp_ech #
#                    o_server\EWARM\Discover-More\Obj\stm32f4xx_dma.o         #
#                    D:\STM32F4xx_Ethernet_Example\Project\Standalone\udp_ech #
#                    o_server\EWARM\Discover-More\Obj\stm32f4xx_exti.o        #
#                    D:\STM32F4xx_Ethernet_Example\Project\Standalone\udp_ech #
#                    o_server\EWARM\Discover-More\Obj\stm32f4xx_fsmc.o        #
#                    D:\STM32F4xx_Ethernet_Example\Project\Standalone\udp_ech #
#                    o_server\EWARM\Discover-More\Obj\stm32f4xx_gpio.o        #
#                    D:\STM32F4xx_Ethernet_Example\Project\Standalone\udp_ech #
#                    o_server\EWARM\Discover-More\Obj\stm32f4xx_it.o          #
#                    D:\STM32F4xx_Ethernet_Example\Project\Standalone\udp_ech #
#                    o_server\EWARM\Discover-More\Obj\stm32f4xx_rcc.o         #
#                    D:\STM32F4xx_Ethernet_Example\Project\Standalone\udp_ech #
#                    o_server\EWARM\Discover-More\Obj\stm32f4xx_sdio.o        #
#                    D:\STM32F4xx_Ethernet_Example\Project\Standalone\udp_ech #
#                    o_server\EWARM\Discover-More\Obj\stm32f4xx_syscfg.o      #
#                    D:\STM32F4xx_Ethernet_Example\Project\Standalone\udp_ech #
#                    o_server\EWARM\Discover-More\Obj\stm32f4xx_usart.o       #
#                    D:\STM32F4xx_Ethernet_Example\Project\Standalone\udp_ech #
#                    o_server\EWARM\Discover-More\Obj\sys.o                   #
#                    D:\STM32F4xx_Ethernet_Example\Project\Standalone\udp_ech #
#                    o_server\EWARM\Discover-More\Obj\system_stm32f4xx.o      #
#                    D:\STM32F4xx_Ethernet_Example\Project\Standalone\udp_ech #
#                    o_server\EWARM\Discover-More\Obj\tcp.o                   #
#                    D:\STM32F4xx_Ethernet_Example\Project\Standalone\udp_ech #
#                    o_server\EWARM\Discover-More\Obj\tcp_in.o                #
#                    D:\STM32F4xx_Ethernet_Example\Project\Standalone\udp_ech #
#                    o_server\EWARM\Discover-More\Obj\tcp_out.o               #
#                    D:\STM32F4xx_Ethernet_Example\Project\Standalone\udp_ech #
#                    o_server\EWARM\Discover-More\Obj\tcpip.o                 #
#                    D:\STM32F4xx_Ethernet_Example\Project\Standalone\udp_ech #
#                    o_server\EWARM\Discover-More\Obj\udp.o                   #
#                    D:\STM32F4xx_Ethernet_Example\Project\Standalone\udp_ech #
#                    o_server\EWARM\Discover-More\Obj\udp_echoserver.o        #
#                    --redirect _Printf=_PrintfSmall --redirect               #
#                    _Scanf=_ScanfSmall -o D:\STM32F4xx_Ethernet_Example\Proj #
#                    ect\Standalone\udp_echo_server\EWARM\Discover-More\Exe\P #
#                    roject.out --map D:\STM32F4xx_Ethernet_Example\Project\S #
#                    tandalone\udp_echo_server\EWARM\Discover-More\List\Proje #
#                    ct.map --config D:\STM32F4xx_Ethernet_Example\Project\St #
#                    andalone\udp_echo_server\EWARM\stm32f4xx_flash.icf       #
#                    --semihosting --entry __iar_program_start --vfe          #
#                                                                             #
#                                                                             #
###############################################################################

*******************************************************************************
*** RUNTIME MODEL ATTRIBUTES
***

CppFlavor                     = *
__Heap_Handler                = Basic
__SystemLibrary               = DLib
__dlib_dynamic_initialization = normal


*******************************************************************************
*** PLACEMENT SUMMARY
***

"A1":  place at 0x08000000 { ro section .intvec };
"P1":  place in [from 0x08000000 to 0x080fffff] { ro };
"P2":  place in [from 0x20000000 to 0x2001ffff] { rw, block CSTACK, block HEAP };

  Section             Kind        Address    Size  Object
  -------             ----        -------    ----  ------
"A1":                                       0x188
  .intvec             ro code  0x08000000   0x188  startup_stm32f4xx.o [1]
                             - 0x08000188   0x188

"P1":                                      0x92f0
  .text               ro code  0x08000188  0x12e8  tcp_in.o [1]
  .text               ro code  0x08001470    0x36  inet.o [1]
  .text               ro code  0x080014a6   0x434  pbuf.o [1]
  .text               ro code  0x080018da    0x50  ip_addr.o [1]
  .text               ro code  0x0800192a    0x22  zero_init3.o [5]
  .text               ro code  0x0800194c   0x844  tcp.o [1]
  .text               ro code  0x08002190    0xa8  memp.o [1]
  .text               ro code  0x08002238   0xb00  tcp_out.o [1]
  .text               ro code  0x08002d38   0x2d8  mem.o [1]
  .text               ro code  0x08003010     0xe  tcp_out.o [1]
  .text               ro code  0x0800301e    0x14  udp.o [1]
  .text               ro code  0x08003032     0xa  xsprout.o [3]
  .text               ro code  0x0800303c   0x3ac  ip.o [1]
  .text               ro code  0x080033e8    0x76  ABImemcpy.o [5]
  .text               ro code  0x08003460    0x66  ABImemset.o [5]
  .text               ro code  0x080034c8   0x15e  netif.o [1]
  .text               ro code  0x08003628   0x5a4  ip_frag.o [1]
  .text               ro code  0x08003bcc    0x88  raw.o [1]
  .text               ro code  0x08003c54   0x448  udp.o [1]
  .text               ro code  0x0800409c   0x1e8  icmp.o [1]
  .text               ro code  0x08004284   0x9e0  etharp.o [1]
  .text               ro code  0x08004c64    0xae  inet_chksum.o [1]
  .text               ro code  0x08004d14   0x246  autoip.o [1]
  .text               ro code  0x08004f5c   0x2e8  dhcp.o [1]
  .text               ro code  0x08005244    0x62  memcmp.o [5]
  .rodata             const    0x080052a8  0x11d0  stm32f4_discovery_lcd.o [1]
  .text               ro code  0x08006478   0x938  stm32f4x7_eth.o [1]
  .text               ro code  0x08006db0   0x188  stm32f4xx_rcc.o [1]
  .text               ro code  0x08006f38   0x748  xprintfsmall.o [3]
  .text               ro code  0x08007680    0x20  xmbtowc.o [3]
  .text               ro code  0x080076a0    0x16  strchr.o [5]
  .text               ro code  0x080076b8    0x36  strlen.o [5]
  .text               ro code  0x080076f0    0x58  memchr.o [5]
  .text               ro code  0x08007748     0xa  xmbcurmax.o [3]
  .text               ro code  0x08007754    0xb0  xxmemxmalloc.o [3]
  .text               ro code  0x08007804    0x1a  xwctomb.o [3]
  .text               ro code  0x08007820    0x80  xxmemxfree.o [3]
  .text               ro code  0x080078a0    0x14  setlocale.o [3]
  .text               ro code  0x080078b4    0x60  xencoding_sb.o [3]
  .text               ro code  0x08007914    0x2c  xgetmemchunk.o [3]
  .text               ro code  0x08007940     0x2  xtls.o [3]
  .text               ro code  0x08007944   0x56c  stm32f4_discovery_lcd.o [1]
  .text               ro code  0x08007eb0   0x100  stm32f4xx_gpio.o [1]
  .text               ro code  0x08007fb0   0x11c  stm32f4xx_fsmc.o [1]
  .text               ro code  0x080080cc   0x298  stm32f4x7_eth_bsp.o [1]
  .text               ro code  0x08008364    0x28  misc.o [1]
  .text               ro code  0x0800838c     0xc  stm32f4xx_syscfg.o [1]
  .text               ro code  0x08008398   0x1a8  ethernetif.o [1]
  .text               ro code  0x08008540   0x154  system_stm32f4xx.o [1]
  .text               ro code  0x08008694   0x10c  netconf.o [1]
  .text               ro code  0x080087a0    0x34  sprintf.o [3]
  .text               ro code  0x080087d4    0xe0  XShHandles.o [3]
  .text               ro code  0x080088b4    0xd6  xfspos.o [3]
  .text               ro code  0x0800898c    0xb0  fflush.o [3]
  .text               ro code  0x08008a3c     0xc  xfgpos.o [3]
  .text               ro code  0x08008a48    0x4c  lseek.o [6]
  .text               ro code  0x08008a94     0xc  errno.o [3]
  .text               ro code  0x08008aa0     0x4  xsyslock_nop.o [3]
  .text               ro code  0x08008aa4    0x10  write.o [6]
  .text               ro code  0x08008ab4    0x1e  dwrite.o [6]
  .text               ro code  0x08008ad2    0x20  iarwstd.o [6]
  .text               ro code  0x08008af2    0x22  iarwrite.o [6]
  .text               ro code  0x08008b14    0x6c  iarttio.o [6]
  .text               ro code  0x08008b80     0x8  XShttio.o [3]
  .text               ro code  0x08008b88    0xb6  xfwprep.o [3]
  .text               ro code  0x08008c3e    0x22  fseek.o [3]
  .text               ro code  0x08008c60    0xb0  packbits_init.o [5]
  .text               ro code  0x08008d10     0x6  abort.o [3]
  .text               ro code  0x08008d18    0x14  exit.o [6]
  .text               ro code  0x08008d2c    0xac  main.o [1]
  .text               ro code  0x08008dd8    0x6e  udp_echoserver.o [1]
  .text               ro code  0x08008e48    0x24  printf.o [3]
  .text               ro code  0x08008e6c    0x80  xfofind.o [3]
  .text               ro code  0x08008eec    0x7a  fclose.o [3]
  .text               ro code  0x08008f66    0x1a  close.o [6]
  .text               ro code  0x08008f80    0x16  remove.o [6]
  .text               ro code  0x08008f98    0x58  xcloseall.o [3]
  .text               ro code  0x08008ff0    0x56  fputc.o [3]
  .text               ro code  0x08009048    0x28  data_init.o [5]
  .iar.init_table     const    0x08009070    0x2c  - Linker created -
  .text               ro code  0x0800909c    0x1a  fpinit_M.o [4]
  .rodata             const    0x080090b8    0x18  main.o [1]
  .rodata             const    0x080090d0    0x18  main.o [1]
  .rodata             const    0x080090e8    0x18  main.o [1]
  .rodata             const    0x08009100    0x18  main.o [1]
  .rodata             const    0x08009118    0x18  netconf.o [1]
  .text               ro code  0x08009130    0x18  stm32f4xx_it.o [1]
  .text               ro code  0x08009148    0x16  cmain.o [5]
  .text               ro code  0x0800915e     0x4  low_level_init.o [3]
  .text               ro code  0x08009162     0x4  exit.o [3]
  .text               ro code  0x08009168     0xe  cexit.o [5]
  .text               ro code  0x08009176    0x16  xprout.o [3]
  .text               ro code  0x0800918c     0xc  putchar.o [3]
  .rodata             const    0x08009198    0x14  memp.o [1]
  .rodata             const    0x080091ac    0x14  memp.o [1]
  .rodata             const    0x080091c0    0x14  stm32f4x7_eth_bsp.o [1]
  .rodata             const    0x080091d4    0x14  stm32f4x7_eth_bsp.o [1]
  .rodata             const    0x080091e8    0x14  udp_echoserver.o [1]
  .rodata             const    0x080091fc    0x14  udp_echoserver.o [1]
  .rodata             const    0x08009210    0x10  netconf.o [1]
  .rodata             const    0x08009220    0x10  tcp.o [1]
  .text               ro code  0x08009230    0x10  startup_stm32f4xx.o [1]
  .text               ro code  0x08009240     0xc  cstartup_M.o [5]
  .rodata             const    0x0800924c     0x8  etharp.o [1]
  .rodata             const    0x08009254     0x8  etharp.o [1]
  .rodata             const    0x0800925c     0x8  tcp.o [1]
  .rodata             const    0x08009264     0x4  ip_addr.o [1]
  .rodata             const    0x08009268     0x4  ip_addr.o [1]
  .text               ro code  0x0800926c     0x4  startup_stm32f4xx.o [1]
  .text               ro code  0x08009270     0x4  startup_stm32f4xx.o [1]
  .text               ro code  0x08009274     0x4  startup_stm32f4xx.o [1]
  .text               ro code  0x08009278     0x4  startup_stm32f4xx.o [1]
  .text               ro code  0x0800927c     0x4  startup_stm32f4xx.o [1]
  .text               ro code  0x08009280     0x4  startup_stm32f4xx.o [1]
  .text               ro code  0x08009284     0x4  startup_stm32f4xx.o [1]
  .text               ro code  0x08009288     0x4  startup_stm32f4xx.o [1]
  .text               ro code  0x0800928c     0x4  startup_stm32f4xx.o [1]
  .text               ro code  0x08009290     0x4  startup_stm32f4xx.o [1]
  .text               ro code  0x08009294     0x4  startup_stm32f4xx.o [1]
  .text               ro code  0x08009298     0x4  startup_stm32f4xx.o [1]
  .text               ro code  0x0800929c     0x4  startup_stm32f4xx.o [1]
  .text               ro code  0x080092a0     0x4  startup_stm32f4xx.o [1]
  .text               ro code  0x080092a4     0x4  startup_stm32f4xx.o [1]
  .text               ro code  0x080092a8     0x4  startup_stm32f4xx.o [1]
  .text               ro code  0x080092ac     0x4  startup_stm32f4xx.o [1]
  .text               ro code  0x080092b0     0x4  startup_stm32f4xx.o [1]
  .text               ro code  0x080092b4     0x4  startup_stm32f4xx.o [1]
  .text               ro code  0x080092b8     0x4  startup_stm32f4xx.o [1]
  .text               ro code  0x080092bc     0x4  startup_stm32f4xx.o [1]
  .text               ro code  0x080092c0     0x4  startup_stm32f4xx.o [1]
  .text               ro code  0x080092c4     0x4  startup_stm32f4xx.o [1]
  .text               ro code  0x080092c8     0x4  startup_stm32f4xx.o [1]
  .text               ro code  0x080092cc     0x4  startup_stm32f4xx.o [1]
  .text               ro code  0x080092d0     0x4  startup_stm32f4xx.o [1]
  .text               ro code  0x080092d4     0x4  startup_stm32f4xx.o [1]
  .text               ro code  0x080092d8     0x4  startup_stm32f4xx.o [1]
  .text               ro code  0x080092dc     0x4  startup_stm32f4xx.o [1]
  .text               ro code  0x080092e0     0x4  startup_stm32f4xx.o [1]
  .text               ro code  0x080092e4     0x4  startup_stm32f4xx.o [1]
  .text               ro code  0x080092e8     0x4  startup_stm32f4xx.o [1]
  .text               ro code  0x080092ec     0x4  startup_stm32f4xx.o [1]
  .text               ro code  0x080092f0     0x4  startup_stm32f4xx.o [1]
  .text               ro code  0x080092f4     0x4  startup_stm32f4xx.o [1]
  .text               ro code  0x080092f8     0x4  startup_stm32f4xx.o [1]
  .text               ro code  0x080092fc     0x4  startup_stm32f4xx.o [1]
  .text               ro code  0x08009300     0x4  startup_stm32f4xx.o [1]
  .text               ro code  0x08009304     0x4  startup_stm32f4xx.o [1]
  .text               ro code  0x08009308     0x4  startup_stm32f4xx.o [1]
  .text               ro code  0x0800930c     0x4  startup_stm32f4xx.o [1]
  .text               ro code  0x08009310     0x4  startup_stm32f4xx.o [1]
  .text               ro code  0x08009314     0x4  startup_stm32f4xx.o [1]
  .text               ro code  0x08009318     0x4  startup_stm32f4xx.o [1]
  .text               ro code  0x0800931c     0x4  startup_stm32f4xx.o [1]
  .text               ro code  0x08009320     0x4  startup_stm32f4xx.o [1]
  .text               ro code  0x08009324     0x4  startup_stm32f4xx.o [1]
  .text               ro code  0x08009328     0x4  startup_stm32f4xx.o [1]
  .text               ro code  0x0800932c     0x4  startup_stm32f4xx.o [1]
  .text               ro code  0x08009330     0x4  startup_stm32f4xx.o [1]
  .text               ro code  0x08009334     0x4  startup_stm32f4xx.o [1]
  .text               ro code  0x08009338     0x4  startup_stm32f4xx.o [1]
  .text               ro code  0x0800933c     0x4  startup_stm32f4xx.o [1]
  .text               ro code  0x08009340     0x4  startup_stm32f4xx.o [1]
  .text               ro code  0x08009344     0x4  startup_stm32f4xx.o [1]
  .text               ro code  0x08009348     0x4  startup_stm32f4xx.o [1]
  .text               ro code  0x0800934c     0x4  startup_stm32f4xx.o [1]
  .text               ro code  0x08009350     0x4  startup_stm32f4xx.o [1]
  .text               ro code  0x08009354     0x4  startup_stm32f4xx.o [1]
  .text               ro code  0x08009358     0x4  startup_stm32f4xx.o [1]
  .text               ro code  0x0800935c     0x4  startup_stm32f4xx.o [1]
  .text               ro code  0x08009360     0x4  startup_stm32f4xx.o [1]
  .text               ro code  0x08009364     0x4  startup_stm32f4xx.o [1]
  .text               ro code  0x08009368     0x4  startup_stm32f4xx.o [1]
  .text               ro code  0x0800936c     0x4  startup_stm32f4xx.o [1]
  .text               ro code  0x08009370     0x4  startup_stm32f4xx.o [1]
  .text               ro code  0x08009374     0x4  startup_stm32f4xx.o [1]
  .text               ro code  0x08009378     0x4  startup_stm32f4xx.o [1]
  .text               ro code  0x0800937c     0x4  startup_stm32f4xx.o [1]
  .text               ro code  0x08009380     0x4  startup_stm32f4xx.o [1]
  .text               ro code  0x08009384     0x4  startup_stm32f4xx.o [1]
  .text               ro code  0x08009388     0x4  startup_stm32f4xx.o [1]
  .text               ro code  0x0800938c     0x4  startup_stm32f4xx.o [1]
  .text               ro code  0x08009390     0x4  startup_stm32f4xx.o [1]
  .text               ro code  0x08009394     0x4  startup_stm32f4xx.o [1]
  .text               ro code  0x08009398     0x4  startup_stm32f4xx.o [1]
  .text               ro code  0x0800939c     0x4  startup_stm32f4xx.o [1]
  .text               ro code  0x080093a0     0x4  startup_stm32f4xx.o [1]
  .text               ro code  0x080093a4     0x4  startup_stm32f4xx.o [1]
  .text               ro code  0x080093a8     0x4  startup_stm32f4xx.o [1]
  .text               ro code  0x080093ac     0x4  startup_stm32f4xx.o [1]
  .text               ro code  0x080093b0     0x4  startup_stm32f4xx.o [1]
  .text               ro code  0x080093b4     0x4  startup_stm32f4xx.o [1]
  .text               ro code  0x080093b8     0x4  startup_stm32f4xx.o [1]
  .text               ro code  0x080093bc     0x4  startup_stm32f4xx.o [1]
  .text               ro code  0x080093c0     0x4  startup_stm32f4xx.o [1]
  .text               ro code  0x080093c4     0x4  startup_stm32f4xx.o [1]
  .text               ro code  0x080093c8     0x4  startup_stm32f4xx.o [1]
  .text               ro code  0x080093cc     0x4  startup_stm32f4xx.o [1]
  .text               ro code  0x080093d0     0x4  startup_stm32f4xx.o [1]
  .text               ro code  0x080093d4     0x4  startup_stm32f4xx.o [1]
  .text               ro code  0x080093d8     0x0  cstart_closeall.o [5]
  .rodata             const    0x080093d8     0x0  zero_init3.o [5]
  .rodata             const    0x080093d8     0x0  packbits_init.o [5]
  Initializer bytes   ro data  0x080093d8    0x9d  <for P2 s0>
                             - 0x08009475  0x92ed

"P2", part 1 of 3:                          0x184
  P2 s0                        0x20000000   0x182  <Init block>
    __DLIB_PERTHREAD  inited   0x20000000    0x74  setlocale.o [3]
    .data             inited   0x20000074    0x40  xfiles.o [3]
    .data             inited   0x200000b4    0x40  xfiles.o [3]
    .data             inited   0x200000f4    0x40  xfiles.o [3]
    .data             inited   0x20000134    0x20  xfiles.o [3]
    .data             inited   0x20000154    0x10  stm32f4xx_rcc.o [1]
    .data             inited   0x20000164     0x8  stm32f4_discovery_lcd.o [1]
    .data             inited   0x2000016c     0x8  XShttio.o [3]
    .data             inited   0x20000174     0x4  dhcp.o [1]
    .data             inited   0x20000178     0x4  tcp.o [1]
    __DLIB_PERTHREAD  inited   0x2000017c     0x4  errno.o [3]
    .data             inited   0x20000180     0x2  stm32f4_discovery_lcd.o [1]
                             - 0x20000182   0x182

"P2", part 2 of 3:                         0xbb24
  .bss                zero     0x20000184  0x4d6c  memp.o [1]
  .bss                zero     0x20004ef0  0x2814  mem.o [1]
  .bss                zero     0x20007704  0x1dc4  stm32f4x7_eth.o [1]
  .bss                zero     0x200094c8  0x1dc4  stm32f4x7_eth.o [1]
  .bss                zero     0x2000b28c   0x5e0  ip_frag.o [1]
  .bss                zero     0x2000b86c    0xc8  etharp.o [1]
  .bss                zero     0x2000b934    0xa0  stm32f4x7_eth.o [1]
  .bss                zero     0x2000b9d4    0xa0  stm32f4x7_eth.o [1]
  .bss                zero     0x2000ba74    0x80  XShHandles.o [3]
  .bss                zero     0x2000baf4    0x50  xfiles.o [3]
  .bss                zero     0x2000bb44    0x50  xfiles.o [3]
  .bss                zero     0x2000bb94    0x38  netconf.o [1]
  .bss                zero     0x2000bbcc    0x24  memp.o [1]
  .bss                zero     0x2000bbf0    0x14  tcp_in.o [1]
  .bss                zero     0x2000bc04     0xc  stm32f4x7_eth.o [1]
  .bss                zero     0x2000bc10     0x8  xxmemxmalloc.o [3]
  .bss                zero     0x2000bc18     0x4  ip.o [1]
  .bss                zero     0x2000bc1c     0x4  ip.o [1]
  .bss                zero     0x2000bc20     0x4  ip_frag.o [1]
  .bss                zero     0x2000bc24     0x4  main.o [1]
  .bss                zero     0x2000bc28     0x4  mem.o [1]
  .bss                zero     0x2000bc2c     0x4  mem.o [1]
  .bss                zero     0x2000bc30     0x4  mem.o [1]
  .bss                zero     0x2000bc34     0x4  netconf.o [1]
  .bss                zero     0x2000bc38     0x4  netconf.o [1]
  .bss                zero     0x2000bc3c     0x4  netif.o [1]
  .bss                zero     0x2000bc40     0x4  netif.o [1]
  .bss                zero     0x2000bc44     0x4  raw.o [1]
  .bss                zero     0x2000bc48     0x4  stm32f4_discovery_lcd.o [1]
  .bss                zero     0x2000bc4c     0x4  stm32f4x7_eth.o [1]
  .bss                zero     0x2000bc50     0x4  stm32f4x7_eth.o [1]
  .bss                zero     0x2000bc54     0x4  stm32f4x7_eth.o [1]
  .bss                zero     0x2000bc58     0x4  stm32f4x7_eth_bsp.o [1]
  .bss                zero     0x2000bc5c     0x4  tcp.o [1]
  .bss                zero     0x2000bc60     0x4  tcp.o [1]
  .bss                zero     0x2000bc64     0x4  tcp.o [1]
  .bss                zero     0x2000bc68     0x4  tcp.o [1]
  .bss                zero     0x2000bc6c     0x4  tcp.o [1]
  .bss                zero     0x2000bc70     0x4  tcp.o [1]
  .bss                zero     0x2000bc74     0x4  tcp_in.o [1]
  .bss                zero     0x2000bc78     0x4  tcp_in.o [1]
  .bss                zero     0x2000bc7c     0x4  tcp_in.o [1]
  .bss                zero     0x2000bc80     0x4  tcp_in.o [1]
  .bss                zero     0x2000bc84     0x4  tcp_in.o [1]
  .bss                zero     0x2000bc88     0x4  tcp_in.o [1]
  .bss                zero     0x2000bc8c     0x4  udp.o [1]
  .bss                zero     0x2000bc90     0x4  xgetmemchunk.o [3]
  .bss                zero     0x2000bc94     0x2  ip.o [1]
  .bss                zero     0x2000bc96     0x2  ip_frag.o [1]
  .bss                zero     0x2000bc98     0x2  stm32f4_discovery_lcd.o [1]
  .bss                zero     0x2000bc9a     0x2  tcp_in.o [1]
  .bss                zero     0x2000bc9c     0x1  etharp.o [1]
  .bss                zero     0x2000bc9d     0x1  mem.o [1]
  .bss                zero     0x2000bc9e     0x1  netif.o [1]
  .bss                zero     0x2000bc9f     0x1  tcp.o [1]
  .bss                zero     0x2000bca0     0x1  tcp_in.o [1]
  .bss                zero     0x2000bca1     0x1  tcp_in.o [1]
                             - 0x2000bca2  0xbb1e

"P2", part 3 of 3:                          0x600
  CSTACK                       0x2000bca8   0x400  <Block>
    CSTACK            uninit   0x2000bca8   0x400  <Block tail>
  HEAP                         0x2000c0a8   0x200  <Block>
    HEAP              uninit   0x2000c0a8   0x200  <Block tail>
                             - 0x2000c2a8   0x600


*******************************************************************************
*** INIT TABLE
***

          Address     Size
          -------     ----
Zero (__iar_zero_init3)
    1 destination range, total size 0xbb1e:
          0x20000184  0xbb1e

Copy/packbits (__iar_packbits_init3)
    1 source range, total size 0x9d (40% of destination):
          0x080093d8    0x9d
    1 destination range, total size 0x182:
          0x20000000   0x182



*******************************************************************************
*** MODULE SUMMARY
***

    Module                   ro code  ro data  rw data
    ------                   -------  -------  -------
D:\STM32F4xx_Ethernet_Example\Project\Standalone\udp_echo_server\EWARM\Discover-More\Obj: [1]
    autoip.o                     582
    dhcp.o                       744        1        4
    etharp.o                   2 528       16      201
    ethernetif.o                 424
    icmp.o                       488
    inet.o                        54
    inet_chksum.o                174
    ip.o                         940                10
    ip_addr.o                     80        8
    ip_frag.o                  1 444             1 510
    main.o                       172       96        4
    mem.o                        728            10 273
    memp.o                       168       40   19 856
    misc.o                        40
    netconf.o                    268       40       64
    netif.o                      350                 9
    pbuf.o                     1 076
    raw.o                        136                 4
    startup_stm32f4xx.o          772
    stm32f4_discovery_lcd.o    1 388    4 565       16
    stm32f4x7_eth.o            2 360            15 584
    stm32f4x7_eth_bsp.o          664       40        4
    stm32f4xx_fsmc.o             284
    stm32f4xx_gpio.o             256
    stm32f4xx_it.o                24
    stm32f4xx_rcc.o              392        6       16
    stm32f4xx_syscfg.o            12
    system_stm32f4xx.o           340
    tcp.o                      2 116       26       29
    tcp_in.o                   4 840                48
    tcp_out.o                  2 830
    udp.o                      1 116                 4
    udp_echoserver.o             110       40
    --------------------------------------------------
    Total:                    27 900    4 878   47 636

command line: [2]
    --------------------------------------------------
    Total:

dl7M_tlf.a: [3]
    XShHandles.o                 224               128
    XShttio.o                      8        3        8
    abort.o                        6
    errno.o                       12        2        4
    exit.o                         4
    fclose.o                     122
    fflush.o                     176
    fputc.o                       86
    fseek.o                       34
    low_level_init.o               4
    printf.o                      36
    putchar.o                     12
    setlocale.o                   20       47      116
    sprintf.o                     52
    xcloseall.o                   88
    xencoding_sb.o                96
    xfgpos.o                      12
    xfiles.o                               91      384
    xfofind.o                    128
    xfspos.o                     214
    xfwprep.o                    182
    xgetmemchunk.o                44                 4
    xmbcurmax.o                   10
    xmbtowc.o                     32
    xprintfsmall.o             1 864
    xprout.o                      22
    xsprout.o                     10
    xsyslock_nop.o                 4
    xtls.o                         2
    xwctomb.o                     26
    xxmemxfree.o                 128
    xxmemxmalloc.o               176                 8
    --------------------------------------------------
    Total:                     3 834      143      652

m7M_tlv.a: [4]
    fpinit_M.o                    26
    --------------------------------------------------
    Total:                        26

rt7M_tl.a: [5]
    ABImemcpy.o                  118
    ABImemset.o                  102
    cexit.o                       14
    cmain.o                       22
    cstart_closeall.o
    cstartup_M.o                  12
    data_init.o                   40
    memchr.o                      88
    memcmp.o                      98
    packbits_init.o              176
    strchr.o                      22
    strlen.o                      54
    zero_init3.o                  34
    --------------------------------------------------
    Total:                       780

shb_l.a: [6]
    close.o                       26
    dwrite.o                      30
    exit.o                        20
    iarttio.o                    108
    iarwrite.o                    34
    iarwstd.o                     32
    lseek.o                       76
    remove.o                      22
    write.o                       16
    --------------------------------------------------
    Total:                       364

    Gaps                          32        4
    Linker created                         44    1 536
------------------------------------------------------
    Grand Total:              32 936    5 069   49 824


*******************************************************************************
*** ENTRY LIST
***

Entry                      Address    Size  Type      Object
-----                      -------    ----  ----      ------
?main                   0x08009149          Code  Gb  cmain.o [5]
ADC_IRQHandler          0x080092d9          Code  Wk  startup_stm32f4xx.o [1]
APBAHBPrescTable        0x20000154    0x10  Data  Lc  stm32f4xx_rcc.o [1]
ARPTimer                0x2000bc38     0x4  Data  Gb  netconf.o [1]
ASCII16x24_Table        0x080052a8  0x11d0  Data  Gb  stm32f4_discovery_lcd.o [1]
BackColor               0x20000180     0x2  Data  Lc  stm32f4_discovery_lcd.o [1]
BusFault_Handler        0x08009137     0x2  Code  Gb  stm32f4xx_it.o [1]
CAN1_RX0_IRQHandler     0x080092e1          Code  Wk  startup_stm32f4xx.o [1]
CAN1_RX1_IRQHandler     0x080092e5          Code  Wk  startup_stm32f4xx.o [1]
CAN1_SCE_IRQHandler     0x080092e9          Code  Wk  startup_stm32f4xx.o [1]
CAN1_TX_IRQHandler      0x080092dd          Code  Wk  startup_stm32f4xx.o [1]
CAN2_RX0_IRQHandler     0x08009391          Code  Wk  startup_stm32f4xx.o [1]
CAN2_RX1_IRQHandler     0x08009395          Code  Wk  startup_stm32f4xx.o [1]
CAN2_SCE_IRQHandler     0x08009399          Code  Wk  startup_stm32f4xx.o [1]
CAN2_TX_IRQHandler      0x0800938d          Code  Wk  startup_stm32f4xx.o [1]
CRYP_IRQHandler         0x080093cd          Code  Wk  startup_stm32f4xx.o [1]
CSTACK$$Base            0x2000bca8           --   Gb  - Linker created -
CSTACK$$Limit           0x2000c0a8           --   Gb  - Linker created -
DCMI_IRQHandler         0x080093c9          Code  Wk  startup_stm32f4xx.o [1]
DMA1_Stream0_IRQHandler
                        0x080092bd          Code  Wk  startup_stm32f4xx.o [1]
DMA1_Stream1_IRQHandler
                        0x080092c1          Code  Wk  startup_stm32f4xx.o [1]
DMA1_Stream2_IRQHandler
                        0x080092c5          Code  Wk  startup_stm32f4xx.o [1]
DMA1_Stream3_IRQHandler
                        0x080092c9          Code  Wk  startup_stm32f4xx.o [1]
DMA1_Stream4_IRQHandler
                        0x080092cd          Code  Wk  startup_stm32f4xx.o [1]
DMA1_Stream5_IRQHandler
                        0x080092d1          Code  Wk  startup_stm32f4xx.o [1]
DMA1_Stream6_IRQHandler
                        0x080092d5          Code  Wk  startup_stm32f4xx.o [1]
DMA1_Stream7_IRQHandler
                        0x0800934d          Code  Wk  startup_stm32f4xx.o [1]
DMA2_Stream0_IRQHandler
                        0x08009371          Code  Wk  startup_stm32f4xx.o [1]
DMA2_Stream1_IRQHandler
                        0x08009375          Code  Wk  startup_stm32f4xx.o [1]
DMA2_Stream2_IRQHandler
                        0x08009379          Code  Wk  startup_stm32f4xx.o [1]
DMA2_Stream3_IRQHandler
                        0x0800937d          Code  Wk  startup_stm32f4xx.o [1]
DMA2_Stream4_IRQHandler
                        0x08009381          Code  Wk  startup_stm32f4xx.o [1]
DMA2_Stream5_IRQHandler
                        0x080093a1          Code  Wk  startup_stm32f4xx.o [1]
DMA2_Stream6_IRQHandler
                        0x080093a5          Code  Wk  startup_stm32f4xx.o [1]
DMA2_Stream7_IRQHandler
                        0x080093a9          Code  Wk  startup_stm32f4xx.o [1]
DMARxDescToGet          0x2000bc50     0x4  Data  Gb  stm32f4x7_eth.o [1]
DMARxDscrTab            0x2000b934    0xa0  Data  Gb  stm32f4x7_eth.o [1]
DMATxDescToSet          0x2000bc4c     0x4  Data  Gb  stm32f4x7_eth.o [1]
DMATxDscrTab            0x2000b9d4    0xa0  Data  Gb  stm32f4x7_eth.o [1]
DMA_RX_FRAME_infos      0x2000bc54     0x4  Data  Gb  stm32f4x7_eth.o [1]
DebugMon_Handler        0x0800913d     0x2  Code  Gb  stm32f4xx_it.o [1]
ETH_BSP_Config          0x0800811f    0x62  Code  Gb  stm32f4x7_eth_bsp.o [1]
ETH_CheckFrameReceived  0x08006ac3    0xda  Code  Gb  stm32f4x7_eth.o [1]
ETH_DMAReceptionCmd     0x08006c49    0x22  Code  Gb  stm32f4x7_eth.o [1]
ETH_DMARxDescChainInit  0x08006a6d    0x56  Code  Gb  stm32f4x7_eth.o [1]
ETH_DMATransmissionCmd  0x08006c25    0x24  Code  Gb  stm32f4x7_eth.o [1]
ETH_DMATxDescChainInit  0x08006b9d    0x46  Code  Gb  stm32f4x7_eth.o [1]
ETH_DMATxDescChecksumInsertionConfig
                        0x08006be3     0x8  Code  Gb  stm32f4x7_eth.o [1]
ETH_DeInit              0x08006497    0x18  Code  Gb  stm32f4x7_eth.o [1]
ETH_Delay               0x08006479    0x1e  Code  Lc  stm32f4x7_eth.o [1]
ETH_FlushTransmitFIFO   0x08006c13    0x12  Code  Gb  stm32f4x7_eth.o [1]
ETH_GPIO_Config         0x08008215   0x11e  Code  Lc  stm32f4x7_eth_bsp.o [1]
ETH_GetSoftwareResetStatus
                        0x08006bfd    0x16  Code  Gb  stm32f4x7_eth.o [1]
ETH_Get_Received_Frame  0x080068f7    0x6a  Code  Gb  stm32f4x7_eth.o [1]
ETH_IRQHandler          0x08009385          Code  Wk  startup_stm32f4xx.o [1]
ETH_Init                0x0800659d   0x2bc  Code  Gb  stm32f4x7_eth.o [1]
ETH_MACAddressConfig    0x080068cd    0x2a  Code  Gb  stm32f4x7_eth.o [1]
ETH_MACDMA_Config       0x08008181    0x94  Code  Lc  stm32f4x7_eth_bsp.o [1]
ETH_MACReceptionCmd     0x080068a3    0x2a  Code  Gb  stm32f4x7_eth.o [1]
ETH_MACTransmissionCmd  0x08006879    0x2a  Code  Gb  stm32f4x7_eth.o [1]
ETH_Prepare_Transmit_Descriptors
                        0x08006961   0x10c  Code  Gb  stm32f4x7_eth.o [1]
ETH_ReadPHYRegister     0x08006c6b    0x60  Code  Gb  stm32f4x7_eth.o [1]
ETH_SoftwareReset       0x08006beb    0x12  Code  Gb  stm32f4x7_eth.o [1]
ETH_Start               0x08006859    0x20  Code  Gb  stm32f4x7_eth.o [1]
ETH_StructInit          0x080064af    0xee  Code  Gb  stm32f4x7_eth.o [1]
ETH_WKUP_IRQHandler     0x08009389          Code  Wk  startup_stm32f4xx.o [1]
ETH_WritePHYRegister    0x08006ced    0x60  Code  Gb  stm32f4x7_eth.o [1]
EXTI0_IRQHandler        0x080092a9          Code  Wk  startup_stm32f4xx.o [1]
EXTI15_10_IRQHandler    0x08009331          Code  Wk  startup_stm32f4xx.o [1]
EXTI1_IRQHandler        0x080092ad          Code  Wk  startup_stm32f4xx.o [1]
EXTI2_IRQHandler        0x080092b1          Code  Wk  startup_stm32f4xx.o [1]
EXTI3_IRQHandler        0x080092b5          Code  Wk  startup_stm32f4xx.o [1]
EXTI4_IRQHandler        0x080092b9          Code  Wk  startup_stm32f4xx.o [1]
EXTI9_5_IRQHandler      0x080092ed          Code  Wk  startup_stm32f4xx.o [1]
EthInitStatus           0x2000bc58     0x4  Data  Gb  stm32f4x7_eth_bsp.o [1]
FLASH_IRQHandler        0x080092a1          Code  Wk  startup_stm32f4xx.o [1]
FPU_IRQHandler          0x080093d5          Code  Wk  startup_stm32f4xx.o [1]
FSMC_IRQHandler         0x08009351          Code  Wk  startup_stm32f4xx.o [1]
FSMC_NORSRAMCmd         0x08008091    0x34  Code  Gb  stm32f4xx_fsmc.o [1]
FSMC_NORSRAMInit        0x08007fb1    0xe0  Code  Gb  stm32f4xx_fsmc.o [1]
Font16x24               0x20000164     0x8  Data  Gb  stm32f4_discovery_lcd.o [1]
GPIO_Init               0x08007eb1    0xa6  Code  Gb  stm32f4xx_gpio.o [1]
GPIO_PinAFConfig        0x08007f5f    0x52  Code  Gb  stm32f4xx_gpio.o [1]
GPIO_ResetBits          0x08007f5b     0x4  Code  Gb  stm32f4xx_gpio.o [1]
GPIO_SetBits            0x08007f57     0x4  Code  Gb  stm32f4xx_gpio.o [1]
HASH_RNG_IRQHandler     0x080093d1          Code  Wk  startup_stm32f4xx.o [1]
HEAP$$Base              0x2000c0a8           --   Gb  - Linker created -
HEAP$$Limit             0x2000c2a8           --   Gb  - Linker created -
HardFault_Handler       0x08009133     0x2  Code  Gb  stm32f4xx_it.o [1]
I2C1_ER_IRQHandler      0x08009311          Code  Wk  startup_stm32f4xx.o [1]
I2C1_EV_IRQHandler      0x0800930d          Code  Wk  startup_stm32f4xx.o [1]
I2C2_ER_IRQHandler      0x08009319          Code  Wk  startup_stm32f4xx.o [1]
I2C2_EV_IRQHandler      0x08009315          Code  Wk  startup_stm32f4xx.o [1]
I2C3_ER_IRQHandler      0x080093b5          Code  Wk  startup_stm32f4xx.o [1]
I2C3_EV_IRQHandler      0x080093b1          Code  Wk  startup_stm32f4xx.o [1]
InStream_Read           0x08008c61    0x22  Code  Lc  packbits_init.o [5]
LCD_Clear               0x08007d33    0x28  Code  Gb  stm32f4_discovery_lcd.o [1]
LCD_CtrlLinesConfig     0x08007945   0x1ac  Code  Gb  stm32f4_discovery_lcd.o [1]
LCD_Currentfonts        0x2000bc48     0x4  Data  Lc  stm32f4_discovery_lcd.o [1]
LCD_DisplayChar         0x08007e17    0x26  Code  Gb  stm32f4_discovery_lcd.o [1]
LCD_DisplayStringLine   0x08007e3d    0x34  Code  Gb  stm32f4_discovery_lcd.o [1]
LCD_DrawChar            0x08007d5b    0xbc  Code  Gb  stm32f4_discovery_lcd.o [1]
LCD_FSMCConfig          0x08007af1    0x78  Code  Gb  stm32f4_discovery_lcd.o [1]
LCD_GetFont             0x08007d2b     0x8  Code  Gb  stm32f4_discovery_lcd.o [1]
LCD_LED_Init            0x08008d61    0x62  Code  Gb  main.o [1]
LCD_SetBackColor        0x08007d13    0x10  Code  Gb  stm32f4_discovery_lcd.o [1]
LCD_SetCursor           0x08007cc7    0x1a  Code  Gb  stm32f4_discovery_lcd.o [1]
LCD_SetFont             0x08007d23     0x8  Code  Gb  stm32f4_discovery_lcd.o [1]
LCD_SetTextColor        0x08007d03    0x10  Code  Gb  stm32f4_discovery_lcd.o [1]
LCD_WriteRAM            0x08007cfb     0x8  Code  Gb  stm32f4_discovery_lcd.o [1]
LCD_WriteRAM_Prepare    0x08007cf1     0xa  Code  Gb  stm32f4_discovery_lcd.o [1]
LCD_WriteReg            0x08007ce1    0x10  Code  Gb  stm32f4_discovery_lcd.o [1]
LocalTime               0x2000bc24     0x4  Data  Gb  main.o [1]
LwIP_Init               0x08008695    0xa8  Code  Gb  netconf.o [1]
LwIP_Periodic_Handle    0x08008747    0x34  Code  Gb  netconf.o [1]
LwIP_Pkt_Handle         0x0800873d     0xa  Code  Gb  netconf.o [1]
MemManage_Handler       0x08009135     0x2  Code  Gb  stm32f4xx_it.o [1]
NMI_Handler             0x08009131     0x2  Code  Gb  stm32f4xx_it.o [1]
NVIC_SetPriority        0x080080cd    0x22  Code  Lc  stm32f4x7_eth_bsp.o [1]
OTG_FS_IRQHandler       0x0800939d          Code  Wk  startup_stm32f4xx.o [1]
OTG_FS_WKUP_IRQHandler  0x08009339          Code  Wk  startup_stm32f4xx.o [1]
OTG_HS_EP1_IN_IRQHandler
                        0x080093bd          Code  Wk  startup_stm32f4xx.o [1]
OTG_HS_EP1_OUT_IRQHandler
                        0x080093b9          Code  Wk  startup_stm32f4xx.o [1]
OTG_HS_IRQHandler       0x080093c5          Code  Wk  startup_stm32f4xx.o [1]
OTG_HS_WKUP_IRQHandler  0x080093c1          Code  Wk  startup_stm32f4xx.o [1]
PVD_IRQHandler          0x08009295          Code  Wk  startup_stm32f4xx.o [1]
PendSV_Handler          0x0800913f     0x2  Code  Gb  stm32f4xx_it.o [1]
RCC_AHB1PeriphClockCmd  0x08006e93    0x20  Code  Gb  stm32f4xx_rcc.o [1]
RCC_AHB1PeriphResetCmd  0x08006ef3    0x20  Code  Gb  stm32f4xx_rcc.o [1]
RCC_AHB3PeriphClockCmd  0x08006eb3    0x20  Code  Gb  stm32f4xx_rcc.o [1]
RCC_APB2PeriphClockCmd  0x08006ed3    0x20  Code  Gb  stm32f4xx_rcc.o [1]
RCC_GetClocksFreq       0x08006db1    0xe2  Code  Gb  stm32f4xx_rcc.o [1]
RCC_IRQHandler          0x080092a5          Code  Wk  startup_stm32f4xx.o [1]
RTC_Alarm_IRQHandler    0x08009335          Code  Wk  startup_stm32f4xx.o [1]
RTC_WKUP_IRQHandler     0x0800929d          Code  Wk  startup_stm32f4xx.o [1]
RX_Frame_Descriptor     0x2000bc04     0xc  Data  Gb  stm32f4x7_eth.o [1]
Region$$Table$$Base     0x08009070           --   Gb  - Linker created -
Region$$Table$$Limit    0x0800909c           --   Gb  - Linker created -
Reset_Handler           0x08009231          Code  Wk  startup_stm32f4xx.o [1]
Rx_Buff                 0x20007704  0x1dc4  Data  Gb  stm32f4x7_eth.o [1]
SDIO_IRQHandler         0x08009355          Code  Wk  startup_stm32f4xx.o [1]
SPI1_IRQHandler         0x0800931d          Code  Wk  startup_stm32f4xx.o [1]
SPI2_IRQHandler         0x08009321          Code  Wk  startup_stm32f4xx.o [1]
SPI3_IRQHandler         0x0800935d          Code  Wk  startup_stm32f4xx.o [1]
STM32f4_Discovery_LCD_Init
                        0x08007b69   0x15e  Code  Gb  stm32f4_discovery_lcd.o [1]
SVC_Handler             0x0800913b     0x2  Code  Gb  stm32f4xx_it.o [1]
SYSCFG_ETH_MediaInterfaceConfig
                        0x0800838d     0x6  Code  Gb  stm32f4xx_syscfg.o [1]
SetSysClock             0x08008593    0xce  Code  Lc  system_stm32f4xx.o [1]
SysTick_CLKSourceConfig
                        0x08008365    0x20  Code  Gb  misc.o [1]
SysTick_Config          0x080080ef    0x30  Code  Lc  stm32f4x7_eth_bsp.o [1]
SysTick_Handler         0x08009141     0x8  Code  Gb  stm32f4xx_it.o [1]
SystemInit              0x08008541    0x52  Code  Gb  system_stm32f4xx.o [1]
TAMP_STAMP_IRQHandler   0x08009299          Code  Wk  startup_stm32f4xx.o [1]
TCPTimer                0x2000bc34     0x4  Data  Gb  netconf.o [1]
TIM1_BRK_TIM9_IRQHandler
                        0x080092f1          Code  Wk  startup_stm32f4xx.o [1]
TIM1_CC_IRQHandler      0x080092fd          Code  Wk  startup_stm32f4xx.o [1]
TIM1_TRG_COM_TIM11_IRQHandler
                        0x080092f9          Code  Wk  startup_stm32f4xx.o [1]
TIM1_UP_TIM10_IRQHandler
                        0x080092f5          Code  Wk  startup_stm32f4xx.o [1]
TIM2_IRQHandler         0x08009301          Code  Wk  startup_stm32f4xx.o [1]
TIM3_IRQHandler         0x08009305          Code  Wk  startup_stm32f4xx.o [1]
TIM4_IRQHandler         0x08009309          Code  Wk  startup_stm32f4xx.o [1]
TIM5_IRQHandler         0x08009359          Code  Wk  startup_stm32f4xx.o [1]
TIM6_DAC_IRQHandler     0x08009369          Code  Wk  startup_stm32f4xx.o [1]
TIM7_IRQHandler         0x0800936d          Code  Wk  startup_stm32f4xx.o [1]
TIM8_BRK_TIM12_IRQHandler
                        0x0800933d          Code  Wk  startup_stm32f4xx.o [1]
TIM8_CC_IRQHandler      0x08009349          Code  Wk  startup_stm32f4xx.o [1]
TIM8_TRG_COM_TIM14_IRQHandler
                        0x08009345          Code  Wk  startup_stm32f4xx.o [1]
TIM8_UP_TIM13_IRQHandler
                        0x08009341          Code  Wk  startup_stm32f4xx.o [1]
TextColor               0x2000bc98     0x2  Data  Lc  stm32f4_discovery_lcd.o [1]
Time_Update             0x08008d55     0xc  Code  Gb  main.o [1]
Tx_Buff                 0x200094c8  0x1dc4  Data  Gb  stm32f4x7_eth.o [1]
UART4_IRQHandler        0x08009361          Code  Wk  startup_stm32f4xx.o [1]
UART5_IRQHandler        0x08009365          Code  Wk  startup_stm32f4xx.o [1]
USART1_IRQHandler       0x08009325          Code  Wk  startup_stm32f4xx.o [1]
USART2_IRQHandler       0x08009329          Code  Wk  startup_stm32f4xx.o [1]
USART3_IRQHandler       0x0800932d          Code  Wk  startup_stm32f4xx.o [1]
USART6_IRQHandler       0x080093ad          Code  Wk  startup_stm32f4xx.o [1]
UsageFault_Handler      0x08009139     0x2  Code  Gb  stm32f4xx_it.o [1]
WWDG_IRQHandler         0x08009291          Code  Wk  startup_stm32f4xx.o [1]
_Close_all              0x08008f99    0x58  Code  Gb  xcloseall.o [3]
_EncodingSb_Mbtowc      0x080078cf    0x30  Code  Gb  xencoding_sb.o [3]
_EncodingSb_Wctomb      0x080078b5    0x1a  Code  Gb  xencoding_sb.o [3]
_Files                  0x20000134    0x20  Data  Gb  xfiles.o [3]
_Fofree                 0x08008e6d    0x7a  Code  Gb  xfofind.o [3]
_Fspos                  0x080088b5    0xd6  Code  Gb  xfspos.o [3]
_Fwprep                 0x08008b89    0xb6  Code  Gb  xfwprep.o [3]
_IsdstStr               0x20000004     0x4  Data  Gb  setlocale.o [3]
_LitobSmall             0x0800756b    0xce  Code  Lc  xprintfsmall.o [3]
_LocaleEncoding         0x080078a1     0xe  Code  Gb  setlocale.o [3]
_LocaleReturnString     0x20000024    0x50  Data  Lc  setlocale.o [3]
_Locale_Profile         0x20000008    0x1c  Data  Gb  setlocale.o [3]
_Mbtowc                 0x08007681    0x20  Code  Gb  xmbtowc.o [3]
_Nnl                    0x08008a3d     0xc  Code  Gb  xfgpos.o [3]
_PrintfSmall            0x08006f39   0x3f6  Code  Gb  xprintfsmall.o [3]
_Prout                  0x08009177    0x16  Code  Gb  xprout.o [3]
_PutcharsSmall          0x08007639    0x2e  Code  Lc  xprintfsmall.o [3]
_PutstrSmall            0x08007339   0x232  Code  Lc  xprintfsmall.o [3]
_SProut                 0x08003033     0xa  Code  Gb  xsprout.o [3]
_TzoneStr               0x20000000     0x4  Data  Gb  setlocale.o [3]
_Wctomb                 0x08007805    0x1a  Code  Gb  xwctomb.o [3]
__aeabi_errno_addr      0x08008a95     0x6  Code  Gb  errno.o [3]
__aeabi_memcpy          0x080033e9          Code  Gb  ABImemcpy.o [5]
__aeabi_memcpy4         0x08003409          Code  Gb  ABImemcpy.o [5]
__aeabi_memcpy8         0x08003409          Code  Gb  ABImemcpy.o [5]
__aeabi_memset          0x08003461          Code  Gb  ABImemset.o [5]
__cexit_closeall        0x0800916b          Code  Gb  cexit.o [5]
__close                 0x08008f67    0x1a  Code  Gb  close.o [6]
__cmain                 0x08009149          Code  Gb  cmain.o [5]
__cstart_closeall       0x080093d8          Data  Gb  cstart_closeall.o [5]
__data_Aldata           0x2000bc10     0x8  Data  Gb  xxmemxmalloc.o [3]
__data_GetMemChunk      0x08007915    0x2c  Code  Gb  xgetmemchunk.o [3]
__dwrite                0x08008ab5    0x1e  Code  Gb  dwrite.o [6]
__exit                  0x08008d19    0x14  Code  Gb  exit.o [6]
__iar_Errno             0x2000017c     0x4  Data  Gb  errno.o [3]
__iar_Lockfilelock      0x08008aa1     0x2  Code  Gb  xsyslock_nop.o [3]
__iar_Mbcurmax          0x08007749     0xa  Code  Gb  xmbcurmax.o [3]
__iar_Memchr            0x080076f1          Code  Gb  memchr.o [5]
__iar_Memset            0x08003461          Code  Gb  ABImemset.o [5]
__iar_Memset_word       0x08003469          Code  Gb  ABImemset.o [5]
__iar_Stderr            0x200000f4    0x40  Data  Gb  xfiles.o [3]
__iar_Stdin             0x20000074    0x40  Data  Gb  xfiles.o [3]
__iar_Stdout            0x200000b4    0x40  Data  Gb  xfiles.o [3]
__iar_Strchr            0x080076a1          Code  Gb  strchr.o [5]
__iar_Unlockfilelock    0x08008aa3     0x2  Code  Gb  xsyslock_nop.o [3]
__iar_close_ttio        0x08008b15    0x2e  Code  Gb  iarttio.o [6]
__iar_data_init3        0x08009049    0x28  Code  Gb  data_init.o [5]
__iar_dlib_perthread_access
                        0x08007941     0x2  Code  Gb  xtls.o [3]
__iar_get_ttio          0x08008b45    0x38  Code  Gb  iarttio.o [6]
__iar_init_vfp          0x0800909d          Code  Gb  fpinit_M.o [4]
__iar_lookup_ttioh      0x08008b81     0x8  Code  Gb  XShttio.o [3]
__iar_packbits_init3    0x08008c83    0x8e  Code  Gb  packbits_init.o [5]
__iar_program_start     0x08009241          Code  Gb  cstartup_M.o [5]
__iar_sh_Discard        0x080087d5    0x48  Code  Gb  XShHandles.o [3]
__iar_sh_Move           0x0800881d    0x4c  Code  Gb  XShHandles.o [3]
__iar_sh_Pos            0x08008869    0x44  Code  Gb  XShHandles.o [3]
__iar_sh_stdout         0x08008ad3    0x20  Code  Gb  iarwstd.o [6]
__iar_sh_write          0x08008af3    0x22  Code  Gb  iarwrite.o [6]
__iar_ttio_handles      0x2000016c     0x8  Data  Lc  XShttio.o [3]
__iar_zero_init3        0x0800192b    0x22  Code  Gb  zero_init3.o [5]
__low_level_init        0x0800915f     0x4  Code  Gb  low_level_init.o [3]
__lseek                 0x08008a49    0x4c  Code  Gb  lseek.o [6]
__vector_table          0x08000000          Data  Gb  startup_stm32f4xx.o [1]
__write                 0x08008aa5    0x10  Code  Gb  write.o [6]
_call_main              0x08009155          Code  Gb  cmain.o [5]
_exit                   0x08009169          Code  Gb  cexit.o [5]
_main                   0x0800915b          Code  Gb  cmain.o [5]
abort                   0x08008d11     0x6  Code  Gb  abort.o [3]
ackno                   0x2000bc80     0x4  Data  Lc  tcp_in.o [1]
arp_table               0x2000b86c    0xc8  Data  Lc  etharp.o [1]
autoip_arp_announce     0x08004d8f    0x26  Code  Lc  autoip.o [1]
autoip_arp_reply        0x08004e95    0xc6  Code  Gb  autoip.o [1]
autoip_create_addr      0x08004d47    0x48  Code  Lc  autoip.o [1]
autoip_handle_arp_conflict
                        0x08004d15    0x32  Code  Lc  autoip.o [1]
autoip_start            0x08004db5    0x7c  Code  Gb  autoip.o [1]
autoip_start_probing    0x08004e31    0x54  Code  Lc  autoip.o [1]
buf                     0x2000b28c   0x5e0  Data  Lc  ip_frag.o [1]
current_header          0x2000bc1c     0x4  Data  Gb  ip.o [1]
current_netif           0x2000bc18     0x4  Data  Gb  ip.o [1]
delay                   0x08007e8d    0x24  Code  Lc  stm32f4_discovery_lcd.o [1]
dhcp_arp_reply          0x08004f5d    0x24  Code  Gb  dhcp.o [1]
dhcp_create_request     0x080050a5   0x134  Code  Lc  dhcp.o [1]
dhcp_decline            0x08004f81    0x94  Code  Lc  dhcp.o [1]
dhcp_delete_request     0x080051e9    0x22  Code  Lc  dhcp.o [1]
dhcp_option             0x08005025    0x26  Code  Lc  dhcp.o [1]
dhcp_option_byte        0x0800504b    0x12  Code  Lc  dhcp.o [1]
dhcp_option_long        0x0800505d    0x48  Code  Lc  dhcp.o [1]
dhcp_option_trailer     0x0800520b    0x3a  Code  Lc  dhcp.o [1]
dhcp_set_state          0x08005015    0x10  Code  Lc  dhcp.o [1]
ebuf                    0x2000baf4    0x50  Data  Lc  xfiles.o [3]
etharp_arp_input        0x08004725   0x17e  Code  Gb  etharp.o [1]
etharp_cached_entry     0x2000bc9c     0x1  Data  Lc  etharp.o [1]
etharp_ip_input         0x080046fb    0x2a  Code  Gb  etharp.o [1]
etharp_output           0x080048a3    0xbe  Code  Gb  etharp.o [1]
etharp_query            0x08004961   0x182  Code  Gb  etharp.o [1]
etharp_raw              0x08004ae3    0xea  Code  Gb  etharp.o [1]
etharp_request          0x08004bcd    0x24  Code  Gb  etharp.o [1]
etharp_send_ip          0x080045c3    0x3a  Code  Lc  etharp.o [1]
etharp_tmr              0x080042a3    0xba  Code  Gb  etharp.o [1]
ethbroadcast            0x0800924c     0x8  Data  Gb  etharp.o [1]
ethernet_input          0x08004c01    0x64  Code  Gb  etharp.o [1]
ethernetif_init         0x080084fb    0x1e  Code  Gb  ethernetif.o [1]
ethernetif_input        0x080084c7    0x34  Code  Gb  ethernetif.o [1]
ethzero                 0x08009254     0x8  Data  Gb  etharp.o [1]
exit                    0x08009163     0x4  Code  Gb  exit.o [3]
fclose                  0x08008eed    0x7a  Code  Gb  fclose.o [3]
fflush                  0x08008a03    0x34  Code  Gb  fflush.o [3]
fflushOne               0x0800898d    0x76  Code  Lc  fflush.o [3]
find_entry              0x0800435d   0x266  Code  Lc  etharp.o [1]
flags                   0x2000bca0     0x1  Data  Lc  tcp_in.o [1]
fputc                   0x08008ff1    0x56  Code  Gb  fputc.o [3]
free                    0x08007821    0x7a  Code  Gb  xxmemxfree.o [3]
free_etharp_q           0x08004285    0x1e  Code  Lc  etharp.o [1]
fseek                   0x08008c3f    0x22  Code  Gb  fseek.o [3]
htonl                   0x08001487    0x18  Code  Gb  inet.o [1]
htons                   0x08001471     0xc  Code  Gb  inet.o [1]
icmp_dest_unreach       0x080041ff     0xe  Code  Gb  icmp.o [1]
icmp_input              0x0800409d   0x162  Code  Gb  icmp.o [1]
icmp_send_response      0x0800421b    0x6a  Code  Lc  icmp.o [1]
icmp_time_exceeded      0x0800420d     0xe  Code  Gb  icmp.o [1]
inet_chksum             0x08004caf     0xe  Code  Gb  inet_chksum.o [1]
inet_chksum_pbuf        0x08004cbd    0x56  Code  Gb  inet_chksum.o [1]
inseg                   0x2000bbf0    0x14  Data  Lc  tcp_in.o [1]
ip_addr_any             0x08009264     0x4  Data  Gb  ip_addr.o [1]
ip_addr_broadcast       0x08009268     0x4  Data  Gb  ip_addr.o [1]
ip_addr_isbroadcast     0x080018db    0x50  Code  Gb  ip_addr.o [1]
ip_frag                 0x08003a55   0x16a  Code  Gb  ip_frag.o [1]
ip_input                0x08003089   0x1e8  Code  Gb  ip.o [1]
ip_output               0x080033ad    0x3c  Code  Gb  ip.o [1]
ip_output_if            0x08003271   0x128  Code  Gb  ip.o [1]
ip_reass                0x080038b3   0x1a2  Code  Gb  ip_frag.o [1]
ip_reass_chain_frag_into_datagram_and_validate
                        0x08003799   0x11a  Code  Lc  ip_frag.o [1]
ip_reass_dequeue_datagram
                        0x08003775    0x24  Code  Lc  ip_frag.o [1]
ip_reass_enqueue_new_datagram
                        0x0800371b    0x5a  Code  Lc  ip_frag.o [1]
ip_reass_free_complete_datagram
                        0x08003629    0x7a  Code  Lc  ip_frag.o [1]
ip_reass_pbufcount      0x2000bc96     0x2  Data  Lc  ip_frag.o [1]
ip_reass_remove_oldest_datagram
                        0x080036a3    0x78  Code  Lc  ip_frag.o [1]
ip_route                0x0800303d    0x4c  Code  Gb  ip.o [1]
iphdr                   0x2000bc78     0x4  Data  Lc  tcp_in.o [1]
lfree                   0x2000bc30     0x4  Data  Lc  mem.o [1]
low_level_init          0x08008399    0x76  Code  Lc  ethernetif.o [1]
low_level_input         0x0800843f    0x88  Code  Lc  ethernetif.o [1]
low_level_output        0x0800840f    0x30  Code  Lc  ethernetif.o [1]
lwip_standard_chksum    0x08004c65    0x4a  Code  Lc  inet_chksum.o [1]
main                    0x08008d2d    0x28  Code  Gb  main.o [1]
malloc                  0x08007755    0xac  Code  Gb  xxmemxmalloc.o [3]
mem_free                0x08002dfb    0x30  Code  Gb  mem.o [1]
mem_init                0x08002da7    0x54  Code  Gb  mem.o [1]
mem_malloc              0x08002f15    0xe6  Code  Gb  mem.o [1]
mem_realloc             0x08002e2b    0xea  Code  Gb  mem.o [1]
mem_sem                 0x2000bc9d     0x1  Data  Lc  mem.o [1]
memchr                  0x080076f1          Code  Gb  memchr.o [5]
memcmp                  0x08005245          Code  Gb  memcmp.o [5]
memcpy                  0x08003011     0xe  Code  Gb  tcp_out.o [1]
memp_free               0x0800220f    0x18  Code  Gb  memp.o [1]
memp_init               0x08002191    0x5a  Code  Gb  memp.o [1]
memp_malloc             0x080021eb    0x24  Code  Gb  memp.o [1]
memp_memory             0x20000184  0x4d6c  Data  Lc  memp.o [1]
memp_num                0x080091ac    0x14  Data  Lc  memp.o [1]
memp_sizes              0x08009198    0x14  Data  Lc  memp.o [1]
memp_tab                0x2000bbcc    0x24  Data  Lc  memp.o [1]
memset                  0x0800301f    0x14  Code  Gb  udp.o [1]
netif                   0x2000bb94    0x38  Data  Gb  netconf.o [1]
netif_add               0x080034c9    0x5a  Code  Gb  netif.o [1]
netif_default           0x2000bc40     0x4  Data  Gb  netif.o [1]
netif_is_up             0x0800361d     0xa  Code  Gb  netif.o [1]
netif_list              0x2000bc3c     0x4  Data  Gb  netif.o [1]
netif_set_addr          0x08003523    0x20  Code  Gb  netif.o [1]
netif_set_default       0x080035c5     0x6  Code  Gb  netif.o [1]
netif_set_down          0x08003607    0x16  Code  Gb  netif.o [1]
netif_set_gw            0x080035a9     0xe  Code  Gb  netif.o [1]
netif_set_ipaddr        0x08003543    0x66  Code  Gb  netif.o [1]
netif_set_netmask       0x080035b7     0xe  Code  Gb  netif.o [1]
netif_set_up            0x080035e1    0x26  Code  Gb  netif.o [1]
ntohl                   0x0800149f     0x8  Code  Gb  inet.o [1]
ntohs                   0x0800147d     0xa  Code  Gb  inet.o [1]
obuf                    0x2000bb44    0x50  Data  Lc  xfiles.o [3]
pbuf_alloc              0x080014a7   0x148  Code  Gb  pbuf.o [1]
pbuf_cat                0x08001759    0x28  Code  Gb  pbuf.o [1]
pbuf_chain              0x08001781    0x12  Code  Gb  pbuf.o [1]
pbuf_clen               0x0800173b    0x12  Code  Gb  pbuf.o [1]
pbuf_copy               0x08001793    0xb0  Code  Gb  pbuf.o [1]
pbuf_copy_partial       0x08001843    0x98  Code  Gb  pbuf.o [1]
pbuf_free               0x080016e1    0x5a  Code  Gb  pbuf.o [1]
pbuf_header             0x0800164f    0x92  Code  Gb  pbuf.o [1]
pbuf_realloc            0x080015ef    0x60  Code  Gb  pbuf.o [1]
pbuf_ref                0x0800174d     0xc  Code  Gb  pbuf.o [1]
plug_holes              0x08002d39    0x6e  Code  Lc  mem.o [1]
printf                  0x08008e49    0x24  Code  Gb  printf.o [3]
putchar                 0x0800918d     0xc  Code  Gb  putchar.o [3]
ram                     0x2000bc28     0x4  Data  Lc  mem.o [1]
ram_end                 0x2000bc2c     0x4  Data  Lc  mem.o [1]
ram_heap                0x20004ef0  0x2814  Data  Lc  mem.o [1]
raw_input               0x08003bcd    0x82  Code  Gb  raw.o [1]
raw_pcbs                0x2000bc44     0x4  Data  Lc  raw.o [1]
reassdatagrams          0x2000bc20     0x4  Data  Lc  ip_frag.o [1]
recv_data               0x2000bc84     0x4  Data  Lc  tcp_in.o [1]
recv_flags              0x2000bca1     0x1  Data  Lc  tcp_in.o [1]
remove                  0x08008f81    0x16  Code  Gb  remove.o [6]
sFileInfo               0x2000ba74    0x80  Data  Lc  XShHandles.o [3]
seqno                   0x2000bc7c     0x4  Data  Lc  tcp_in.o [1]
sprintf                 0x080087a1    0x34  Code  Gb  sprintf.o [3]
strchr                  0x080076a1          Code  Gb  strchr.o [5]
strlen                  0x080076b9          Code  Gb  strlen.o [5]
tcp_abandon             0x08001a7f    0xb0  Code  Gb  tcp.o [1]
tcp_active_pcbs         0x2000bc68     0x4  Data  Gb  tcp.o [1]
tcp_alloc               0x08001fb5    0xb6  Code  Gb  tcp.o [1]
tcp_backoff             0x08009220    0x10  Data  Gb  tcp.o [1]
tcp_bound_pcbs          0x2000bc60     0x4  Data  Gb  tcp.o [1]
tcp_close               0x0800196b   0x114  Code  Gb  tcp.o [1]
tcp_eff_send_mss        0x08002131    0x28  Code  Gb  tcp.o [1]
tcp_enqueue             0x080022cb   0x496  Code  Gb  tcp_out.o [1]
tcp_fasttmr             0x08001e67    0x6a  Code  Gb  tcp.o [1]
tcp_input               0x08000189   0x49e  Code  Gb  tcp_in.o [1]
tcp_input_pcb           0x2000bc88     0x4  Data  Gb  tcp_in.o [1]
tcp_keepalive           0x08002c4b    0x46  Code  Gb  tcp_out.o [1]
tcp_kill_prio           0x08001f37    0x4a  Code  Lc  tcp.o [1]
tcp_kill_timewait       0x08001f81    0x34  Code  Lc  tcp.o [1]
tcp_listen_input        0x08000627   0x148  Code  Lc  tcp_in.o [1]
tcp_listen_pcbs         0x2000bc64     0x4  Data  Gb  tcp.o [1]
tcp_next_iss            0x0800211d    0x14  Code  Gb  tcp.o [1]
tcp_output              0x080027c3   0x202  Code  Gb  tcp_out.o [1]
tcp_output_segment      0x080029c5    0xbe  Code  Lc  tcp_out.o [1]
tcp_output_set_header   0x08002239    0x78  Code  Lc  tcp_out.o [1]
tcp_parseopt            0x0800139d    0xb0  Code  Lc  tcp_in.o [1]
tcp_pcb_purge           0x0800206b    0x3a  Code  Gb  tcp.o [1]
tcp_pcb_remove          0x080020a5    0x78  Code  Gb  tcp.o [1]
tcp_persist_backoff     0x0800925c     0x8  Data  Gb  tcp.o [1]
tcp_process             0x08000823   0x534  Code  Lc  tcp_in.o [1]
tcp_receive             0x08000d8d   0x60a  Code  Lc  tcp_in.o [1]
tcp_recv_null           0x08001f11    0x26  Code  Gb  tcp.o [1]
tcp_recved              0x08001b79    0x3c  Code  Gb  tcp.o [1]
tcp_rexmit              0x08002b85    0x4e  Code  Gb  tcp_out.o [1]
tcp_rexmit_fast         0x08002bd3    0x78  Code  Gb  tcp_out.o [1]
tcp_rexmit_rto          0x08002b51    0x34  Code  Gb  tcp_out.o [1]
tcp_rst                 0x08002a91    0xc0  Code  Gb  tcp_out.o [1]
tcp_seg_free            0x08001eeb    0x26  Code  Gb  tcp.o [1]
tcp_segs_free           0x08001ed1    0x1a  Code  Gb  tcp.o [1]
tcp_send_ctrl           0x080022b1    0x1a  Code  Gb  tcp_out.o [1]
tcp_send_empty_ack      0x08002761    0x62  Code  Gb  tcp_out.o [1]
tcp_slowtmr             0x08001bb5   0x2b2  Code  Gb  tcp.o [1]
tcp_ticks               0x2000bc5c     0x4  Data  Gb  tcp.o [1]
tcp_timer               0x2000bc9f     0x1  Data  Lc  tcp.o [1]
tcp_timewait_input      0x0800076f    0xb4  Code  Lc  tcp_in.o [1]
tcp_tmp_pcb             0x2000bc70     0x4  Data  Gb  tcp.o [1]
tcp_tmr                 0x0800194d    0x1e  Code  Gb  tcp.o [1]
tcp_tw_pcbs             0x2000bc6c     0x4  Data  Gb  tcp.o [1]
tcp_update_rcv_ann_wnd  0x08001b2f    0x4a  Code  Gb  tcp.o [1]
tcp_zero_window_probe   0x08002c91    0xa8  Code  Gb  tcp_out.o [1]
tcphdr                  0x2000bc74     0x4  Data  Lc  tcp_in.o [1]
tcplen                  0x2000bc9a     0x2  Data  Lc  tcp_in.o [1]
udp_bind                0x08003f83    0x74  Code  Gb  udp.o [1]
udp_connect             0x08003ff7    0x5a  Code  Gb  udp.o [1]
udp_disconnect          0x08004051    0x1e  Code  Gb  udp.o [1]
udp_echoserver_init     0x08008dd9    0x3a  Code  Gb  udp_echoserver.o [1]
udp_echoserver_receive_callback
                        0x08008e21    0x26  Code  Gb  udp_echoserver.o [1]
udp_input               0x08003c55   0x20c  Code  Gb  udp.o [1]
udp_new                 0x0800407d    0x20  Code  Gb  udp.o [1]
udp_pcbs                0x2000bc8c     0x4  Data  Gb  udp.o [1]
udp_recv                0x0800406f     0x6  Code  Gb  udp.o [1]
udp_send                0x08003e61     0xc  Code  Gb  udp.o [1]
udp_sendto              0x08003e6d    0x2c  Code  Gb  udp.o [1]
udp_sendto_if           0x08003e99    0xea  Code  Gb  udp.o [1]
update_arp_entry        0x080045fd    0xfe  Code  Lc  etharp.o [1]


[1] = D:\STM32F4xx_Ethernet_Example\Project\Standalone\udp_echo_server\EWARM\Discover-More\Obj
[2] = command line
[3] = dl7M_tlf.a
[4] = m7M_tlv.a
[5] = rt7M_tl.a
[6] = shb_l.a

  32 936 bytes of readonly  code memory
   5 069 bytes of readonly  data memory
  49 824 bytes of readwrite data memory

Errors: none
Warnings: none
