###############################################################################
#                                                                             #
# IAR ELF Linker V6.50.3.4676/W32 for ARM               16/Mar/2016  13:06:58 #
# Copyright 2007-2013 IAR Systems AB.                                         #
#                                                                             #
#    Output file  =  D:\STM32F4xx_Ethernet_Example\Project\Standalone\httpser #
#                    ver\EWARM\Discover-More\Exe\Project.out                  #
#    Map file     =  D:\STM32F4xx_Ethernet_Example\Project\Standalone\httpser #
#                    ver\EWARM\Discover-More\List\Project.map                 #
#    Command line =  D:\STM32F4xx_Ethernet_Example\Project\Standalone\httpser #
#                    ver\EWARM\Discover-More\Obj\api_lib.o                    #
#                    D:\STM32F4xx_Ethernet_Example\Project\Standalone\httpser #
#                    ver\EWARM\Discover-More\Obj\api_msg.o                    #
#                    D:\STM32F4xx_Ethernet_Example\Project\Standalone\httpser #
#                    ver\EWARM\Discover-More\Obj\autoip.o                     #
#                    D:\STM32F4xx_Ethernet_Example\Project\Standalone\httpser #
#                    ver\EWARM\Discover-More\Obj\dhcp.o                       #
#                    D:\STM32F4xx_Ethernet_Example\Project\Standalone\httpser #
#                    ver\EWARM\Discover-More\Obj\dns.o                        #
#                    D:\STM32F4xx_Ethernet_Example\Project\Standalone\httpser #
#                    ver\EWARM\Discover-More\Obj\err.o                        #
#                    D:\STM32F4xx_Ethernet_Example\Project\Standalone\httpser #
#                    ver\EWARM\Discover-More\Obj\etharp.o                     #
#                    D:\STM32F4xx_Ethernet_Example\Project\Standalone\httpser #
#                    ver\EWARM\Discover-More\Obj\ethernetif.o                 #
#                    D:\STM32F4xx_Ethernet_Example\Project\Standalone\httpser #
#                    ver\EWARM\Discover-More\Obj\fs.o                         #
#                    D:\STM32F4xx_Ethernet_Example\Project\Standalone\httpser #
#                    ver\EWARM\Discover-More\Obj\httpd.o                      #
#                    D:\STM32F4xx_Ethernet_Example\Project\Standalone\httpser #
#                    ver\EWARM\Discover-More\Obj\httpd_cgi_ssi.o              #
#                    D:\STM32F4xx_Ethernet_Example\Project\Standalone\httpser #
#                    ver\EWARM\Discover-More\Obj\icmp.o                       #
#                    D:\STM32F4xx_Ethernet_Example\Project\Standalone\httpser #
#                    ver\EWARM\Discover-More\Obj\igmp.o                       #
#                    D:\STM32F4xx_Ethernet_Example\Project\Standalone\httpser #
#                    ver\EWARM\Discover-More\Obj\inet.o                       #
#                    D:\STM32F4xx_Ethernet_Example\Project\Standalone\httpser #
#                    ver\EWARM\Discover-More\Obj\inet_chksum.o                #
#                    D:\STM32F4xx_Ethernet_Example\Project\Standalone\httpser #
#                    ver\EWARM\Discover-More\Obj\init.o                       #
#                    D:\STM32F4xx_Ethernet_Example\Project\Standalone\httpser #
#                    ver\EWARM\Discover-More\Obj\ip.o                         #
#                    D:\STM32F4xx_Ethernet_Example\Project\Standalone\httpser #
#                    ver\EWARM\Discover-More\Obj\ip_addr.o                    #
#                    D:\STM32F4xx_Ethernet_Example\Project\Standalone\httpser #
#                    ver\EWARM\Discover-More\Obj\ip_frag.o                    #
#                    D:\STM32F4xx_Ethernet_Example\Project\Standalone\httpser #
#                    ver\EWARM\Discover-More\Obj\loopif.o                     #
#                    D:\STM32F4xx_Ethernet_Example\Project\Standalone\httpser #
#                    ver\EWARM\Discover-More\Obj\main.o                       #
#                    D:\STM32F4xx_Ethernet_Example\Project\Standalone\httpser #
#                    ver\EWARM\Discover-More\Obj\mem.o                        #
#                    D:\STM32F4xx_Ethernet_Example\Project\Standalone\httpser #
#                    ver\EWARM\Discover-More\Obj\memp.o                       #
#                    D:\STM32F4xx_Ethernet_Example\Project\Standalone\httpser #
#                    ver\EWARM\Discover-More\Obj\misc.o                       #
#                    D:\STM32F4xx_Ethernet_Example\Project\Standalone\httpser #
#                    ver\EWARM\Discover-More\Obj\netbuf.o                     #
#                    D:\STM32F4xx_Ethernet_Example\Project\Standalone\httpser #
#                    ver\EWARM\Discover-More\Obj\netconf.o                    #
#                    D:\STM32F4xx_Ethernet_Example\Project\Standalone\httpser #
#                    ver\EWARM\Discover-More\Obj\netdb.o                      #
#                    D:\STM32F4xx_Ethernet_Example\Project\Standalone\httpser #
#                    ver\EWARM\Discover-More\Obj\netif.o                      #
#                    D:\STM32F4xx_Ethernet_Example\Project\Standalone\httpser #
#                    ver\EWARM\Discover-More\Obj\netifapi.o                   #
#                    D:\STM32F4xx_Ethernet_Example\Project\Standalone\httpser #
#                    ver\EWARM\Discover-More\Obj\pbuf.o                       #
#                    D:\STM32F4xx_Ethernet_Example\Project\Standalone\httpser #
#                    ver\EWARM\Discover-More\Obj\raw.o                        #
#                    D:\STM32F4xx_Ethernet_Example\Project\Standalone\httpser #
#                    ver\EWARM\Discover-More\Obj\slipif.o                     #
#                    D:\STM32F4xx_Ethernet_Example\Project\Standalone\httpser #
#                    ver\EWARM\Discover-More\Obj\sockets.o                    #
#                    D:\STM32F4xx_Ethernet_Example\Project\Standalone\httpser #
#                    ver\EWARM\Discover-More\Obj\startup_stm32f4xx.o          #
#                    D:\STM32F4xx_Ethernet_Example\Project\Standalone\httpser #
#                    ver\EWARM\Discover-More\Obj\stats.o                      #
#                    D:\STM32F4xx_Ethernet_Example\Project\Standalone\httpser #
#                    ver\EWARM\Discover-More\Obj\stm32f4_discovery.o          #
#                    D:\STM32F4xx_Ethernet_Example\Project\Standalone\httpser #
#                    ver\EWARM\Discover-More\Obj\stm32f4_discovery_lcd.o      #
#                    D:\STM32F4xx_Ethernet_Example\Project\Standalone\httpser #
#                    ver\EWARM\Discover-More\Obj\stm32f4x7_eth.o              #
#                    D:\STM32F4xx_Ethernet_Example\Project\Standalone\httpser #
#                    ver\EWARM\Discover-More\Obj\stm32f4x7_eth_bsp.o          #
#                    D:\STM32F4xx_Ethernet_Example\Project\Standalone\httpser #
#                    ver\EWARM\Discover-More\Obj\stm32f4xx_adc.o              #
#                    D:\STM32F4xx_Ethernet_Example\Project\Standalone\httpser #
#                    ver\EWARM\Discover-More\Obj\stm32f4xx_dma.o              #
#                    D:\STM32F4xx_Ethernet_Example\Project\Standalone\httpser #
#                    ver\EWARM\Discover-More\Obj\stm32f4xx_exti.o             #
#                    D:\STM32F4xx_Ethernet_Example\Project\Standalone\httpser #
#                    ver\EWARM\Discover-More\Obj\stm32f4xx_fsmc.o             #
#                    D:\STM32F4xx_Ethernet_Example\Project\Standalone\httpser #
#                    ver\EWARM\Discover-More\Obj\stm32f4xx_gpio.o             #
#                    D:\STM32F4xx_Ethernet_Example\Project\Standalone\httpser #
#                    ver\EWARM\Discover-More\Obj\stm32f4xx_it.o               #
#                    D:\STM32F4xx_Ethernet_Example\Project\Standalone\httpser #
#                    ver\EWARM\Discover-More\Obj\stm32f4xx_rcc.o              #
#                    D:\STM32F4xx_Ethernet_Example\Project\Standalone\httpser #
#                    ver\EWARM\Discover-More\Obj\stm32f4xx_sdio.o             #
#                    D:\STM32F4xx_Ethernet_Example\Project\Standalone\httpser #
#                    ver\EWARM\Discover-More\Obj\stm32f4xx_syscfg.o           #
#                    D:\STM32F4xx_Ethernet_Example\Project\Standalone\httpser #
#                    ver\EWARM\Discover-More\Obj\stm32f4xx_usart.o            #
#                    D:\STM32F4xx_Ethernet_Example\Project\Standalone\httpser #
#                    ver\EWARM\Discover-More\Obj\sys.o                        #
#                    D:\STM32F4xx_Ethernet_Example\Project\Standalone\httpser #
#                    ver\EWARM\Discover-More\Obj\system_stm32f4xx.o           #
#                    D:\STM32F4xx_Ethernet_Example\Project\Standalone\httpser #
#                    ver\EWARM\Discover-More\Obj\tcp.o                        #
#                    D:\STM32F4xx_Ethernet_Example\Project\Standalone\httpser #
#                    ver\EWARM\Discover-More\Obj\tcp_in.o                     #
#                    D:\STM32F4xx_Ethernet_Example\Project\Standalone\httpser #
#                    ver\EWARM\Discover-More\Obj\tcp_out.o                    #
#                    D:\STM32F4xx_Ethernet_Example\Project\Standalone\httpser #
#                    ver\EWARM\Discover-More\Obj\tcpip.o                      #
#                    D:\STM32F4xx_Ethernet_Example\Project\Standalone\httpser #
#                    ver\EWARM\Discover-More\Obj\udp.o --redirect             #
#                    _Printf=_PrintfSmall --redirect _Scanf=_ScanfSmall -o    #
#                    D:\STM32F4xx_Ethernet_Example\Project\Standalone\httpser #
#                    ver\EWARM\Discover-More\Exe\Project.out --map            #
#                    D:\STM32F4xx_Ethernet_Example\Project\Standalone\httpser #
#                    ver\EWARM\Discover-More\List\Project.map --config        #
#                    D:\STM32F4xx_Ethernet_Example\Project\Standalone\httpser #
#                    ver\EWARM\stm32f4xx_flash.icf --semihosting --entry      #
#                    __iar_program_start --vfe                                #
#                                                                             #
#                                                                             #
###############################################################################

*******************************************************************************
*** RUNTIME MODEL ATTRIBUTES
***

CppFlavor                     = *
__Heap_Handler                = Basic
__SystemLibrary               = DLib
__dlib_dynamic_initialization = normal


*******************************************************************************
*** PLACEMENT SUMMARY
***

"A1":  place at 0x08000000 { ro section .intvec };
"P1":  place in [from 0x08000000 to 0x080fffff] { ro };
"P2":  place in [from 0x20000000 to 0x2001ffff] { rw, block CSTACK, block HEAP };

  Section             Kind        Address     Size  Object
  -------             ----        -------     ----  ------
"A1":                                        0x188
  .intvec             ro code  0x08000000    0x188  startup_stm32f4xx.o [1]
                             - 0x08000188    0x188

"P1":                                      0x16e58
  .rodata             const    0x08000188   0x6660  fs.o [1]
  .rodata             const    0x080067e8   0x29e4  fs.o [1]
  .text               ro code  0x080091cc   0x12e8  tcp_in.o [1]
  .text               ro code  0x0800a4b4     0x36  inet.o [1]
  .text               ro code  0x0800a4ea    0x434  pbuf.o [1]
  .text               ro code  0x0800a91e     0x50  ip_addr.o [1]
  .text               ro code  0x0800a96e     0x2e  copy_init3.o [5]
  .text               ro code  0x0800a99c    0xadc  tcp.o [1]
  .text               ro code  0x0800b478     0xa8  memp.o [1]
  .text               ro code  0x0800b520    0xb3c  tcp_out.o [1]
  .text               ro code  0x0800c05c    0x2d8  mem.o [1]
  .text               ro code  0x0800c334      0xe  tcp_out.o [1]
  .text               ro code  0x0800c342     0x14  udp.o [1]
  .text               ro code  0x0800c356     0x22  zero_init3.o [5]
  .text               ro code  0x0800c378    0x3ac  ip.o [1]
  .text               ro code  0x0800c724     0x76  ABImemcpy.o [5]
  .text               ro code  0x0800c79a      0xa  xsprout.o [3]
  .text               ro code  0x0800c7a4     0x66  ABImemset.o [5]
  .rodata             const    0x0800c80a      0x2  httpd_cgi_ssi.o [1]
  .text               ro code  0x0800c80c    0x15e  netif.o [1]
  .text               ro code  0x0800c96c    0x5a4  ip_frag.o [1]
  .text               ro code  0x0800cf10     0x88  raw.o [1]
  .text               ro code  0x0800cf98    0x370  udp.o [1]
  .text               ro code  0x0800d308    0x1e8  icmp.o [1]
  .text               ro code  0x0800d4f0    0x9e0  etharp.o [1]
  .text               ro code  0x0800ded0     0xae  inet_chksum.o [1]
  .text               ro code  0x0800df80    0x246  autoip.o [1]
  .text               ro code  0x0800e1c8    0x2e8  dhcp.o [1]
  .text               ro code  0x0800e4b0     0x62  memcmp.o [5]
  .rodata             const    0x0800e514   0x11d0  stm32f4_discovery_lcd.o [1]
  .rodata             const    0x0800f6e4    0xfc4  fs.o [1]
  .rodata             const    0x080106a8    0xf2c  fs.o [1]
  .text               ro code  0x080115d4    0xcec  httpd.o [1]
  .text               ro code  0x080122c0     0x36  strlen.o [5]
  .text               ro code  0x080122f6     0x2a  strncmp.o [3]
  .text               ro code  0x08012320     0xee  fs.o [1]
  .text               ro code  0x08012410     0x16  strchr.o [5]
  .text               ro code  0x08012428     0x42  strcmp.o [5]
  .text               ro code  0x0801246a      0x8  httpd.o [1]
  .text               ro code  0x08012474    0x1b8  httpd_cgi_ssi.o [1]
  .text               ro code  0x0801262c     0x2c  strstr.o [3]
  .text               ro code  0x08012658    0x188  stm32f4xx_rcc.o [1]
  .text               ro code  0x080127e0    0x100  stm32f4xx_gpio.o [1]
  .text               ro code  0x080128e0    0x19c  stm32f4xx_adc.o [1]
  .text               ro code  0x08012a7c     0x1c  I32ToDbl.o [4]
  .text               ro code  0x08012a98    0x1a2  DblMul.o [4]
  .text               ro code  0x08012c3c     0x2c  DblToI32.o [4]
  .text               ro code  0x08012c68     0x88  stm32f4_discovery.o [1]
  .rodata             const    0x08012cf0    0xc58  fs.o [1]
  .rodata             const    0x08013948    0xabc  fs.o [1]
  .text               ro code  0x08014404    0x938  stm32f4x7_eth.o [1]
  .text               ro code  0x08014d3c    0x748  xprintfsmall.o [3]
  .text               ro code  0x08015484     0x20  xmbtowc.o [3]
  .text               ro code  0x080154a4     0x58  memchr.o [5]
  .text               ro code  0x080154fc      0xa  xmbcurmax.o [3]
  .text               ro code  0x08015508     0xb0  xxmemxmalloc.o [3]
  .text               ro code  0x080155b8     0x1a  xwctomb.o [3]
  .text               ro code  0x080155d4     0x80  xxmemxfree.o [3]
  .text               ro code  0x08015654     0x14  setlocale.o [3]
  .text               ro code  0x08015668     0x60  xencoding_sb.o [3]
  .text               ro code  0x080156c8     0x2c  xgetmemchunk.o [3]
  .text               ro code  0x080156f4      0x2  xtls.o [3]
  .text               ro code  0x080156f8    0x56c  stm32f4_discovery_lcd.o [1]
  .text               ro code  0x08015c64    0x11c  stm32f4xx_fsmc.o [1]
  .rodata             const    0x08015d80    0x4dc  fs.o [1]
  .text               ro code  0x0801625c    0x298  stm32f4x7_eth_bsp.o [1]
  .text               ro code  0x080164f4     0x28  misc.o [1]
  .text               ro code  0x0801651c      0xc  stm32f4xx_syscfg.o [1]
  .text               ro code  0x08016528    0x1a8  ethernetif.o [1]
  .text               ro code  0x080166d0    0x154  system_stm32f4xx.o [1]
  .text               ro code  0x08016824    0x10c  netconf.o [1]
  .text               ro code  0x08016930     0x34  sprintf.o [3]
  .text               ro code  0x08016964     0xb0  main.o [1]
  .rodata             const    0x08016a14     0x28  httpd.o [1]
  .text               ro code  0x08016a3c     0x28  data_init.o [5]
  .iar.init_table     const    0x08016a64     0x24  - Linker created -
  .text               ro code  0x08016a88     0x1a  fpinit_M.o [4]
  .rodata             const    0x08016aa4     0x18  main.o [1]
  .rodata             const    0x08016abc     0x18  main.o [1]
  .rodata             const    0x08016ad4     0x18  main.o [1]
  .rodata             const    0x08016aec     0x18  main.o [1]
  .rodata             const    0x08016b04     0x18  netconf.o [1]
  .text               ro code  0x08016b1c     0x18  stm32f4xx_it.o [1]
  .text               ro code  0x08016b34     0x16  cmain.o [5]
  .text               ro code  0x08016b4a      0x4  low_level_init.o [3]
  .text               ro code  0x08016b4e      0x4  exit.o [3]
  .text               ro code  0x08016b54      0xa  cexit.o [5]
  .text               ro code  0x08016b60     0x14  exit.o [6]
  .rodata             const    0x08016b74     0x14  fs.o [1]
  .rodata             const    0x08016b88     0x14  fs.o [1]
  .rodata             const    0x08016b9c     0x14  fs.o [1]
  .rodata             const    0x08016bb0     0x14  fs.o [1]
  .rodata             const    0x08016bc4     0x14  fs.o [1]
  .rodata             const    0x08016bd8     0x14  fs.o [1]
  .rodata             const    0x08016bec     0x14  fs.o [1]
  .rodata             const    0x08016c00     0x14  httpd.o [1]
  .rodata             const    0x08016c14     0x14  httpd_cgi_ssi.o [1]
  .rodata             const    0x08016c28     0x14  memp.o [1]
  .rodata             const    0x08016c3c     0x14  memp.o [1]
  .rodata             const    0x08016c50     0x14  stm32f4x7_eth_bsp.o [1]
  .rodata             const    0x08016c64     0x14  stm32f4x7_eth_bsp.o [1]
  .rodata             const    0x08016c78     0x10  httpd.o [1]
  .rodata             const    0x08016c88     0x10  netconf.o [1]
  .rodata             const    0x08016c98     0x10  stm32f4_discovery.o [1]
  .rodata             const    0x08016ca8     0x10  tcp.o [1]
  .text               ro code  0x08016cb8     0x10  startup_stm32f4xx.o [1]
  .rodata             const    0x08016cc8      0xc  httpd.o [1]
  .rodata             const    0x08016cd4      0xc  httpd.o [1]
  .rodata             const    0x08016ce0      0xc  httpd.o [1]
  .rodata             const    0x08016cec      0xc  httpd.o [1]
  .rodata             const    0x08016cf8      0xc  httpd.o [1]
  .rodata             const    0x08016d04      0xc  httpd.o [1]
  .rodata             const    0x08016d10      0xc  httpd.o [1]
  .rodata             const    0x08016d1c      0xc  httpd_cgi_ssi.o [1]
  .text               ro code  0x08016d28      0xc  cstartup_M.o [5]
  .rodata             const    0x08016d34      0x8  etharp.o [1]
  .rodata             const    0x08016d3c      0x8  etharp.o [1]
  .rodata             const    0x08016d44      0x8  httpd.o [1]
  .rodata             const    0x08016d4c      0x8  httpd.o [1]
  .rodata             const    0x08016d54      0x8  httpd.o [1]
  .rodata             const    0x08016d5c      0x8  httpd.o [1]
  .rodata             const    0x08016d64      0x8  httpd.o [1]
  .rodata             const    0x08016d6c      0x8  httpd.o [1]
  .rodata             const    0x08016d74      0x8  httpd.o [1]
  .rodata             const    0x08016d7c      0x8  httpd.o [1]
  .rodata             const    0x08016d84      0x8  httpd_cgi_ssi.o [1]
  .rodata             const    0x08016d8c      0x8  stm32f4_discovery.o [1]
  .rodata             const    0x08016d94      0x8  tcp.o [1]
  .rodata             const    0x08016d9c      0x4  httpd.o [1]
  .rodata             const    0x08016da0      0x4  httpd.o [1]
  .rodata             const    0x08016da4      0x4  httpd.o [1]
  .rodata             const    0x08016da8      0x4  ip_addr.o [1]
  .rodata             const    0x08016dac      0x4  ip_addr.o [1]
  .text               ro code  0x08016db0      0x4  startup_stm32f4xx.o [1]
  .text               ro code  0x08016db4      0x4  startup_stm32f4xx.o [1]
  .text               ro code  0x08016db8      0x4  startup_stm32f4xx.o [1]
  .text               ro code  0x08016dbc      0x4  startup_stm32f4xx.o [1]
  .text               ro code  0x08016dc0      0x4  startup_stm32f4xx.o [1]
  .text               ro code  0x08016dc4      0x4  startup_stm32f4xx.o [1]
  .text               ro code  0x08016dc8      0x4  startup_stm32f4xx.o [1]
  .text               ro code  0x08016dcc      0x4  startup_stm32f4xx.o [1]
  .text               ro code  0x08016dd0      0x4  startup_stm32f4xx.o [1]
  .text               ro code  0x08016dd4      0x4  startup_stm32f4xx.o [1]
  .text               ro code  0x08016dd8      0x4  startup_stm32f4xx.o [1]
  .text               ro code  0x08016ddc      0x4  startup_stm32f4xx.o [1]
  .text               ro code  0x08016de0      0x4  startup_stm32f4xx.o [1]
  .text               ro code  0x08016de4      0x4  startup_stm32f4xx.o [1]
  .text               ro code  0x08016de8      0x4  startup_stm32f4xx.o [1]
  .text               ro code  0x08016dec      0x4  startup_stm32f4xx.o [1]
  .text               ro code  0x08016df0      0x4  startup_stm32f4xx.o [1]
  .text               ro code  0x08016df4      0x4  startup_stm32f4xx.o [1]
  .text               ro code  0x08016df8      0x4  startup_stm32f4xx.o [1]
  .text               ro code  0x08016dfc      0x4  startup_stm32f4xx.o [1]
  .text               ro code  0x08016e00      0x4  startup_stm32f4xx.o [1]
  .text               ro code  0x08016e04      0x4  startup_stm32f4xx.o [1]
  .text               ro code  0x08016e08      0x4  startup_stm32f4xx.o [1]
  .text               ro code  0x08016e0c      0x4  startup_stm32f4xx.o [1]
  .text               ro code  0x08016e10      0x4  startup_stm32f4xx.o [1]
  .text               ro code  0x08016e14      0x4  startup_stm32f4xx.o [1]
  .text               ro code  0x08016e18      0x4  startup_stm32f4xx.o [1]
  .text               ro code  0x08016e1c      0x4  startup_stm32f4xx.o [1]
  .text               ro code  0x08016e20      0x4  startup_stm32f4xx.o [1]
  .text               ro code  0x08016e24      0x4  startup_stm32f4xx.o [1]
  .text               ro code  0x08016e28      0x4  startup_stm32f4xx.o [1]
  .text               ro code  0x08016e2c      0x4  startup_stm32f4xx.o [1]
  .text               ro code  0x08016e30      0x4  startup_stm32f4xx.o [1]
  .text               ro code  0x08016e34      0x4  startup_stm32f4xx.o [1]
  .text               ro code  0x08016e38      0x4  startup_stm32f4xx.o [1]
  .text               ro code  0x08016e3c      0x4  startup_stm32f4xx.o [1]
  .text               ro code  0x08016e40      0x4  startup_stm32f4xx.o [1]
  .text               ro code  0x08016e44      0x4  startup_stm32f4xx.o [1]
  .text               ro code  0x08016e48      0x4  startup_stm32f4xx.o [1]
  .text               ro code  0x08016e4c      0x4  startup_stm32f4xx.o [1]
  .text               ro code  0x08016e50      0x4  startup_stm32f4xx.o [1]
  .text               ro code  0x08016e54      0x4  startup_stm32f4xx.o [1]
  .text               ro code  0x08016e58      0x4  startup_stm32f4xx.o [1]
  .text               ro code  0x08016e5c      0x4  startup_stm32f4xx.o [1]
  .text               ro code  0x08016e60      0x4  startup_stm32f4xx.o [1]
  .text               ro code  0x08016e64      0x4  startup_stm32f4xx.o [1]
  .text               ro code  0x08016e68      0x4  startup_stm32f4xx.o [1]
  .text               ro code  0x08016e6c      0x4  startup_stm32f4xx.o [1]
  .text               ro code  0x08016e70      0x4  startup_stm32f4xx.o [1]
  .text               ro code  0x08016e74      0x4  startup_stm32f4xx.o [1]
  .text               ro code  0x08016e78      0x4  startup_stm32f4xx.o [1]
  .text               ro code  0x08016e7c      0x4  startup_stm32f4xx.o [1]
  .text               ro code  0x08016e80      0x4  startup_stm32f4xx.o [1]
  .text               ro code  0x08016e84      0x4  startup_stm32f4xx.o [1]
  .text               ro code  0x08016e88      0x4  startup_stm32f4xx.o [1]
  .text               ro code  0x08016e8c      0x4  startup_stm32f4xx.o [1]
  .text               ro code  0x08016e90      0x4  startup_stm32f4xx.o [1]
  .text               ro code  0x08016e94      0x4  startup_stm32f4xx.o [1]
  .text               ro code  0x08016e98      0x4  startup_stm32f4xx.o [1]
  .text               ro code  0x08016e9c      0x4  startup_stm32f4xx.o [1]
  .text               ro code  0x08016ea0      0x4  startup_stm32f4xx.o [1]
  .text               ro code  0x08016ea4      0x4  startup_stm32f4xx.o [1]
  .text               ro code  0x08016ea8      0x4  startup_stm32f4xx.o [1]
  .text               ro code  0x08016eac      0x4  startup_stm32f4xx.o [1]
  .text               ro code  0x08016eb0      0x4  startup_stm32f4xx.o [1]
  .text               ro code  0x08016eb4      0x4  startup_stm32f4xx.o [1]
  .text               ro code  0x08016eb8      0x4  startup_stm32f4xx.o [1]
  .text               ro code  0x08016ebc      0x4  startup_stm32f4xx.o [1]
  .text               ro code  0x08016ec0      0x4  startup_stm32f4xx.o [1]
  .text               ro code  0x08016ec4      0x4  startup_stm32f4xx.o [1]
  .text               ro code  0x08016ec8      0x4  startup_stm32f4xx.o [1]
  .text               ro code  0x08016ecc      0x4  startup_stm32f4xx.o [1]
  .text               ro code  0x08016ed0      0x4  startup_stm32f4xx.o [1]
  .text               ro code  0x08016ed4      0x4  startup_stm32f4xx.o [1]
  .text               ro code  0x08016ed8      0x4  startup_stm32f4xx.o [1]
  .text               ro code  0x08016edc      0x4  startup_stm32f4xx.o [1]
  .text               ro code  0x08016ee0      0x4  startup_stm32f4xx.o [1]
  .text               ro code  0x08016ee4      0x4  startup_stm32f4xx.o [1]
  .text               ro code  0x08016ee8      0x4  startup_stm32f4xx.o [1]
  .text               ro code  0x08016eec      0x4  startup_stm32f4xx.o [1]
  .text               ro code  0x08016ef0      0x4  startup_stm32f4xx.o [1]
  .text               ro code  0x08016ef4      0x4  startup_stm32f4xx.o [1]
  .text               ro code  0x08016ef8      0x4  startup_stm32f4xx.o [1]
  .text               ro code  0x08016efc      0x4  startup_stm32f4xx.o [1]
  .text               ro code  0x08016f00      0x4  startup_stm32f4xx.o [1]
  .text               ro code  0x08016f04      0x4  startup_stm32f4xx.o [1]
  .text               ro code  0x08016f08      0x4  startup_stm32f4xx.o [1]
  .text               ro code  0x08016f0c      0x4  startup_stm32f4xx.o [1]
  .text               ro code  0x08016f10      0x4  startup_stm32f4xx.o [1]
  .text               ro code  0x08016f14      0x4  startup_stm32f4xx.o [1]
  .text               ro code  0x08016f18      0x4  startup_stm32f4xx.o [1]
  .rodata             const    0x08016f1c      0x0  zero_init3.o [5]
  .rodata             const    0x08016f1c      0x0  copy_init3.o [5]
  Initializer bytes   ro data  0x08016f1c     0xc4  <for P2 s0>
                             - 0x08016fe0  0x16e58

"P2", part 1 of 3:                            0xc4
  P2 s0                        0x20000000     0xc4  <Init block>
    __DLIB_PERTHREAD  inited   0x20000000     0x74  setlocale.o [3]
    .data             inited   0x20000074     0x10  httpd.o [1]
    .data             inited   0x20000084     0x10  stm32f4_discovery.o [1]
    .data             inited   0x20000094     0x10  stm32f4xx_rcc.o [1]
    .data             inited   0x200000a4      0x8  stm32f4_discovery_lcd.o [1]
    .data             inited   0x200000ac      0x4  dhcp.o [1]
    .data             inited   0x200000b0      0x4  httpd_cgi_ssi.o [1]
    .data             inited   0x200000b4      0x4  httpd_cgi_ssi.o [1]
    .data             inited   0x200000b8      0x4  httpd_cgi_ssi.o [1]
    .data             inited   0x200000bc      0x4  tcp.o [1]
    .data             inited   0x200000c0      0x2  stm32f4_discovery_lcd.o [1]
    .data             inited   0x200000c2      0x2  tcp.o [1]
                             - 0x200000c4     0xc4

"P2", part 2 of 3:                          0x95b4
  .bss                zero     0x200000c4   0x2814  mem.o [1]
  .bss                zero     0x200028d8   0x2414  memp.o [1]
  .bss                zero     0x20004cec   0x1dc4  stm32f4x7_eth.o [1]
  .bss                zero     0x20006ab0   0x1dc4  stm32f4x7_eth.o [1]
  .bss                zero     0x20008874    0x5e0  ip_frag.o [1]
  .bss                zero     0x20008e54    0x400  httpd.o [1]
  .bss                zero     0x20009254     0xf0  fs.o [1]
  .bss                zero     0x20009344     0xc8  etharp.o [1]
  .bss                zero     0x2000940c     0xa0  stm32f4x7_eth.o [1]
  .bss                zero     0x200094ac     0xa0  stm32f4x7_eth.o [1]
  .bss                zero     0x2000954c     0x38  netconf.o [1]
  .bss                zero     0x20009584     0x24  memp.o [1]
  .bss                zero     0x200095a8     0x14  tcp_in.o [1]
  .bss                zero     0x200095bc      0xc  stm32f4x7_eth.o [1]
  .bss                zero     0x200095c8      0x8  httpd_cgi_ssi.o [1]
  .bss                zero     0x200095d0      0x8  xxmemxmalloc.o [3]
  .bss                zero     0x200095d8      0x4  httpd.o [1]
  .bss                zero     0x200095dc      0x4  httpd.o [1]
  .bss                zero     0x200095e0      0x4  httpd.o [1]
  .bss                zero     0x200095e4      0x4  httpd.o [1]
  .bss                zero     0x200095e8      0x4  httpd.o [1]
  .bss                zero     0x200095ec      0x4  ip.o [1]
  .bss                zero     0x200095f0      0x4  ip.o [1]
  .bss                zero     0x200095f4      0x4  ip_frag.o [1]
  .bss                zero     0x200095f8      0x4  main.o [1]
  .bss                zero     0x200095fc      0x4  mem.o [1]
  .bss                zero     0x20009600      0x4  mem.o [1]
  .bss                zero     0x20009604      0x4  mem.o [1]
  .bss                zero     0x20009608      0x4  netconf.o [1]
  .bss                zero     0x2000960c      0x4  netconf.o [1]
  .bss                zero     0x20009610      0x4  netif.o [1]
  .bss                zero     0x20009614      0x4  netif.o [1]
  .bss                zero     0x20009618      0x4  raw.o [1]
  .bss                zero     0x2000961c      0x4  stm32f4_discovery_lcd.o [1]
  .bss                zero     0x20009620      0x4  stm32f4x7_eth.o [1]
  .bss                zero     0x20009624      0x4  stm32f4x7_eth.o [1]
  .bss                zero     0x20009628      0x4  stm32f4x7_eth.o [1]
  .bss                zero     0x2000962c      0x4  stm32f4x7_eth_bsp.o [1]
  .bss                zero     0x20009630      0x4  tcp.o [1]
  .bss                zero     0x20009634      0x4  tcp.o [1]
  .bss                zero     0x20009638      0x4  tcp.o [1]
  .bss                zero     0x2000963c      0x4  tcp.o [1]
  .bss                zero     0x20009640      0x4  tcp.o [1]
  .bss                zero     0x20009644      0x4  tcp.o [1]
  .bss                zero     0x20009648      0x4  tcp_in.o [1]
  .bss                zero     0x2000964c      0x4  tcp_in.o [1]
  .bss                zero     0x20009650      0x4  tcp_in.o [1]
  .bss                zero     0x20009654      0x4  tcp_in.o [1]
  .bss                zero     0x20009658      0x4  tcp_in.o [1]
  .bss                zero     0x2000965c      0x4  tcp_in.o [1]
  .bss                zero     0x20009660      0x4  udp.o [1]
  .bss                zero     0x20009664      0x4  xgetmemchunk.o [3]
  .bss                zero     0x20009668      0x2  ip.o [1]
  .bss                zero     0x2000966a      0x2  ip_frag.o [1]
  .bss                zero     0x2000966c      0x2  stm32f4_discovery_lcd.o [1]
  .bss                zero     0x2000966e      0x2  tcp_in.o [1]
  .bss                zero     0x20009670      0x1  etharp.o [1]
  .bss                zero     0x20009671      0x1  mem.o [1]
  .bss                zero     0x20009672      0x1  netif.o [1]
  .bss                zero     0x20009673      0x1  tcp.o [1]
  .bss                zero     0x20009674      0x1  tcp_in.o [1]
  .bss                zero     0x20009675      0x1  tcp_in.o [1]
                             - 0x20009676   0x95b2

"P2", part 3 of 3:                           0x600
  CSTACK                       0x20009678    0x400  <Block>
    CSTACK            uninit   0x20009678    0x400  <Block tail>
  HEAP                         0x20009a78    0x200  <Block>
    HEAP              uninit   0x20009a78    0x200  <Block tail>
                             - 0x20009c78    0x600


*******************************************************************************
*** INIT TABLE
***

          Address     Size
          -------     ----
Zero (__iar_zero_init3)
    1 destination range, total size 0x95b2:
          0x200000c4  0x95b2

Copy (__iar_copy_init3)
    1 source range, total size 0xc4:
          0x08016f1c    0xc4
    1 destination range, total size 0xc4:
          0x20000000    0xc4



*******************************************************************************
*** MODULE SUMMARY
***

    Module                   ro code  ro data  rw data
    ------                   -------  -------  -------
D:\STM32F4xx_Ethernet_Example\Project\Standalone\httpserver\EWARM\Discover-More\Obj: [1]
    autoip.o                     582
    dhcp.o                       744        4        4
    etharp.o                   2 528       16      201
    ethernetif.o                 424
    fs.o                         238   52 144      240
    httpd.o                    3 316      252    1 060
    httpd_cgi_ssi.o              440       54       20
    icmp.o                       488
    inet.o                        54
    inet_chksum.o                174
    ip.o                         940                10
    ip_addr.o                     80        8
    ip_frag.o                  1 444             1 510
    main.o                       176       96        4
    mem.o                        728            10 273
    memp.o                       168       40    9 272
    misc.o                        40
    netconf.o                    268       40       64
    netif.o                      350                 9
    pbuf.o                     1 076
    raw.o                        136                 4
    startup_stm32f4xx.o          772
    stm32f4_discovery.o          136       40       16
    stm32f4_discovery_lcd.o    1 388    4 570       16
    stm32f4x7_eth.o            2 360            15 584
    stm32f4x7_eth_bsp.o          664       40        4
    stm32f4xx_adc.o              412
    stm32f4xx_fsmc.o             284
    stm32f4xx_gpio.o             256
    stm32f4xx_it.o                24
    stm32f4xx_rcc.o              392       16       16
    stm32f4xx_syscfg.o            12
    system_stm32f4xx.o           340
    tcp.o                      2 780       30       31
    tcp_in.o                   4 840                48
    tcp_out.o                  2 890
    udp.o                        900                 4
    --------------------------------------------------
    Total:                    32 844   57 350   38 390

command line: [2]
    --------------------------------------------------
    Total:

dl7M_tlf.a: [3]
    exit.o                         4
    low_level_init.o               4
    setlocale.o                   20      116      116
    sprintf.o                     52
    strncmp.o                     42
    strstr.o                      44
    xencoding_sb.o                96
    xgetmemchunk.o                44                 4
    xmbcurmax.o                   10
    xmbtowc.o                     32
    xprintfsmall.o             1 864
    xsprout.o                     10
    xtls.o                         2
    xwctomb.o                     26
    xxmemxfree.o                 128
    xxmemxmalloc.o               176                 8
    --------------------------------------------------
    Total:                     2 554      116      128

m7M_tlv.a: [4]
    DblMul.o                     418
    DblToI32.o                    44
    I32ToDbl.o                    28
    fpinit_M.o                    26
    --------------------------------------------------
    Total:                       516

rt7M_tl.a: [5]
    ABImemcpy.o                  118
    ABImemset.o                  102
    cexit.o                       10
    cmain.o                       22
    copy_init3.o                  46
    cstartup_M.o                  12
    data_init.o                   40
    memchr.o                      88
    memcmp.o                      98
    strchr.o                      22
    strcmp.o                      66
    strlen.o                      54
    zero_init3.o                  34
    --------------------------------------------------
    Total:                       712

shb_l.a: [6]
    exit.o                        20
    --------------------------------------------------
    Total:                        20

    Gaps                          24        4
    Linker created                         36    1 536
------------------------------------------------------
    Grand Total:              36 670   57 506   40 054


*******************************************************************************
*** ENTRY LIST
***

Entry                      Address    Size  Type      Object
-----                      -------    ----  ----      ------
?main                   0x08016b35          Code  Gb  cmain.o [5]
ADC_Cmd                 0x0801296d    0x1a  Code  Gb  stm32f4xx_adc.o [1]
ADC_CommonInit          0x0801294b    0x22  Code  Gb  stm32f4xx_adc.o [1]
ADC_Configuration       0x08012475    0x88  Code  Lc  httpd_cgi_ssi.o [1]
ADC_GetConversionValue  0x08012a65     0x6  Code  Gb  stm32f4xx_adc.o [1]
ADC_Handler             0x080124fd    0xa8  Code  Gb  httpd_cgi_ssi.o [1]
ADC_IRQHandler          0x08016e1d          Code  Wk  startup_stm32f4xx.o [1]
ADC_Init                0x080128e1    0x4c  Code  Gb  stm32f4xx_adc.o [1]
ADC_RegularChannelConfig
                        0x08012987    0xd4  Code  Gb  stm32f4xx_adc.o [1]
ADC_SoftwareStartConv   0x08012a5b     0xa  Code  Gb  stm32f4xx_adc.o [1]
ADC_StructInit          0x0801292d    0x1e  Code  Gb  stm32f4xx_adc.o [1]
ADC_not_configured      0x200000b0     0x4  Data  Gb  httpd_cgi_ssi.o [1]
APBAHBPrescTable        0x20000094    0x10  Data  Lc  stm32f4xx_rcc.o [1]
ARPTimer                0x2000960c     0x4  Data  Gb  netconf.o [1]
ASCII16x24_Table        0x0800e514  0x11d0  Data  Gb  stm32f4_discovery_lcd.o [1]
BackColor               0x200000c0     0x2  Data  Lc  stm32f4_discovery_lcd.o [1]
BusFault_Handler        0x08016b23     0x2  Code  Gb  stm32f4xx_it.o [1]
CAN1_RX0_IRQHandler     0x08016e25          Code  Wk  startup_stm32f4xx.o [1]
CAN1_RX1_IRQHandler     0x08016e29          Code  Wk  startup_stm32f4xx.o [1]
CAN1_SCE_IRQHandler     0x08016e2d          Code  Wk  startup_stm32f4xx.o [1]
CAN1_TX_IRQHandler      0x08016e21          Code  Wk  startup_stm32f4xx.o [1]
CAN2_RX0_IRQHandler     0x08016ed5          Code  Wk  startup_stm32f4xx.o [1]
CAN2_RX1_IRQHandler     0x08016ed9          Code  Wk  startup_stm32f4xx.o [1]
CAN2_SCE_IRQHandler     0x08016edd          Code  Wk  startup_stm32f4xx.o [1]
CAN2_TX_IRQHandler      0x08016ed1          Code  Wk  startup_stm32f4xx.o [1]
CGI_TAB                 0x200095c8     0x8  Data  Gb  httpd_cgi_ssi.o [1]
CRYP_IRQHandler         0x08016f11          Code  Wk  startup_stm32f4xx.o [1]
CSTACK$$Base            0x20009678           --   Gb  - Linker created -
CSTACK$$Limit           0x20009a78           --   Gb  - Linker created -
DCMI_IRQHandler         0x08016f0d          Code  Wk  startup_stm32f4xx.o [1]
DMA1_Stream0_IRQHandler
                        0x08016e01          Code  Wk  startup_stm32f4xx.o [1]
DMA1_Stream1_IRQHandler
                        0x08016e05          Code  Wk  startup_stm32f4xx.o [1]
DMA1_Stream2_IRQHandler
                        0x08016e09          Code  Wk  startup_stm32f4xx.o [1]
DMA1_Stream3_IRQHandler
                        0x08016e0d          Code  Wk  startup_stm32f4xx.o [1]
DMA1_Stream4_IRQHandler
                        0x08016e11          Code  Wk  startup_stm32f4xx.o [1]
DMA1_Stream5_IRQHandler
                        0x08016e15          Code  Wk  startup_stm32f4xx.o [1]
DMA1_Stream6_IRQHandler
                        0x08016e19          Code  Wk  startup_stm32f4xx.o [1]
DMA1_Stream7_IRQHandler
                        0x08016e91          Code  Wk  startup_stm32f4xx.o [1]
DMA2_Stream0_IRQHandler
                        0x08016eb5          Code  Wk  startup_stm32f4xx.o [1]
DMA2_Stream1_IRQHandler
                        0x08016eb9          Code  Wk  startup_stm32f4xx.o [1]
DMA2_Stream2_IRQHandler
                        0x08016ebd          Code  Wk  startup_stm32f4xx.o [1]
DMA2_Stream3_IRQHandler
                        0x08016ec1          Code  Wk  startup_stm32f4xx.o [1]
DMA2_Stream4_IRQHandler
                        0x08016ec5          Code  Wk  startup_stm32f4xx.o [1]
DMA2_Stream5_IRQHandler
                        0x08016ee5          Code  Wk  startup_stm32f4xx.o [1]
DMA2_Stream6_IRQHandler
                        0x08016ee9          Code  Wk  startup_stm32f4xx.o [1]
DMA2_Stream7_IRQHandler
                        0x08016eed          Code  Wk  startup_stm32f4xx.o [1]
DMARxDescToGet          0x20009624     0x4  Data  Gb  stm32f4x7_eth.o [1]
DMARxDscrTab            0x2000940c    0xa0  Data  Gb  stm32f4x7_eth.o [1]
DMATxDescToSet          0x20009620     0x4  Data  Gb  stm32f4x7_eth.o [1]
DMATxDscrTab            0x200094ac    0xa0  Data  Gb  stm32f4x7_eth.o [1]
DMA_RX_FRAME_infos      0x20009628     0x4  Data  Gb  stm32f4x7_eth.o [1]
DebugMon_Handler        0x08016b29     0x2  Code  Gb  stm32f4xx_it.o [1]
ETH_BSP_Config          0x080162af    0x62  Code  Gb  stm32f4x7_eth_bsp.o [1]
ETH_CheckFrameReceived  0x08014a4f    0xda  Code  Gb  stm32f4x7_eth.o [1]
ETH_DMAReceptionCmd     0x08014bd5    0x22  Code  Gb  stm32f4x7_eth.o [1]
ETH_DMARxDescChainInit  0x080149f9    0x56  Code  Gb  stm32f4x7_eth.o [1]
ETH_DMATransmissionCmd  0x08014bb1    0x24  Code  Gb  stm32f4x7_eth.o [1]
ETH_DMATxDescChainInit  0x08014b29    0x46  Code  Gb  stm32f4x7_eth.o [1]
ETH_DMATxDescChecksumInsertionConfig
                        0x08014b6f     0x8  Code  Gb  stm32f4x7_eth.o [1]
ETH_DeInit              0x08014423    0x18  Code  Gb  stm32f4x7_eth.o [1]
ETH_Delay               0x08014405    0x1e  Code  Lc  stm32f4x7_eth.o [1]
ETH_FlushTransmitFIFO   0x08014b9f    0x12  Code  Gb  stm32f4x7_eth.o [1]
ETH_GPIO_Config         0x080163a5   0x11e  Code  Lc  stm32f4x7_eth_bsp.o [1]
ETH_GetSoftwareResetStatus
                        0x08014b89    0x16  Code  Gb  stm32f4x7_eth.o [1]
ETH_Get_Received_Frame  0x08014883    0x6a  Code  Gb  stm32f4x7_eth.o [1]
ETH_IRQHandler          0x08016ec9          Code  Wk  startup_stm32f4xx.o [1]
ETH_Init                0x08014529   0x2bc  Code  Gb  stm32f4x7_eth.o [1]
ETH_MACAddressConfig    0x08014859    0x2a  Code  Gb  stm32f4x7_eth.o [1]
ETH_MACDMA_Config       0x08016311    0x94  Code  Lc  stm32f4x7_eth_bsp.o [1]
ETH_MACReceptionCmd     0x0801482f    0x2a  Code  Gb  stm32f4x7_eth.o [1]
ETH_MACTransmissionCmd  0x08014805    0x2a  Code  Gb  stm32f4x7_eth.o [1]
ETH_Prepare_Transmit_Descriptors
                        0x080148ed   0x10c  Code  Gb  stm32f4x7_eth.o [1]
ETH_ReadPHYRegister     0x08014bf7    0x60  Code  Gb  stm32f4x7_eth.o [1]
ETH_SoftwareReset       0x08014b77    0x12  Code  Gb  stm32f4x7_eth.o [1]
ETH_Start               0x080147e5    0x20  Code  Gb  stm32f4x7_eth.o [1]
ETH_StructInit          0x0801443b    0xee  Code  Gb  stm32f4x7_eth.o [1]
ETH_WKUP_IRQHandler     0x08016ecd          Code  Wk  startup_stm32f4xx.o [1]
ETH_WritePHYRegister    0x08014c79    0x60  Code  Gb  stm32f4x7_eth.o [1]
EXTI0_IRQHandler        0x08016ded          Code  Wk  startup_stm32f4xx.o [1]
EXTI15_10_IRQHandler    0x08016e75          Code  Wk  startup_stm32f4xx.o [1]
EXTI1_IRQHandler        0x08016df1          Code  Wk  startup_stm32f4xx.o [1]
EXTI2_IRQHandler        0x08016df5          Code  Wk  startup_stm32f4xx.o [1]
EXTI3_IRQHandler        0x08016df9          Code  Wk  startup_stm32f4xx.o [1]
EXTI4_IRQHandler        0x08016dfd          Code  Wk  startup_stm32f4xx.o [1]
EXTI9_5_IRQHandler      0x08016e31          Code  Wk  startup_stm32f4xx.o [1]
EthInitStatus           0x2000962c     0x4  Data  Gb  stm32f4x7_eth_bsp.o [1]
FLASH_IRQHandler        0x08016de5          Code  Wk  startup_stm32f4xx.o [1]
FPU_IRQHandler          0x08016f19          Code  Wk  startup_stm32f4xx.o [1]
FSMC_IRQHandler         0x08016e95          Code  Wk  startup_stm32f4xx.o [1]
FSMC_NORSRAMCmd         0x08015d45    0x34  Code  Gb  stm32f4xx_fsmc.o [1]
FSMC_NORSRAMInit        0x08015c65    0xe0  Code  Gb  stm32f4xx_fsmc.o [1]
Font16x24               0x200000a4     0x8  Data  Gb  stm32f4_discovery_lcd.o [1]
GPIO_CLK                0x08016c98    0x10  Data  Gb  stm32f4_discovery.o [1]
GPIO_Init               0x080127e1    0xa6  Code  Gb  stm32f4xx_gpio.o [1]
GPIO_PIN                0x08016d8c     0x8  Data  Gb  stm32f4_discovery.o [1]
GPIO_PORT               0x20000084    0x10  Data  Gb  stm32f4_discovery.o [1]
GPIO_PinAFConfig        0x0801288f    0x52  Code  Gb  stm32f4xx_gpio.o [1]
GPIO_ResetBits          0x0801288b     0x4  Code  Gb  stm32f4xx_gpio.o [1]
GPIO_SetBits            0x08012887     0x4  Code  Gb  stm32f4xx_gpio.o [1]
HASH_RNG_IRQHandler     0x08016f15          Code  Wk  startup_stm32f4xx.o [1]
HEAP$$Base              0x20009a78           --   Gb  - Linker created -
HEAP$$Limit             0x20009c78           --   Gb  - Linker created -
HardFault_Handler       0x08016b1f     0x2  Code  Gb  stm32f4xx_it.o [1]
I2C1_ER_IRQHandler      0x08016e55          Code  Wk  startup_stm32f4xx.o [1]
I2C1_EV_IRQHandler      0x08016e51          Code  Wk  startup_stm32f4xx.o [1]
I2C2_ER_IRQHandler      0x08016e5d          Code  Wk  startup_stm32f4xx.o [1]
I2C2_EV_IRQHandler      0x08016e59          Code  Wk  startup_stm32f4xx.o [1]
I2C3_ER_IRQHandler      0x08016ef9          Code  Wk  startup_stm32f4xx.o [1]
I2C3_EV_IRQHandler      0x08016ef5          Code  Wk  startup_stm32f4xx.o [1]
LCD_Clear               0x08015ae7    0x28  Code  Gb  stm32f4_discovery_lcd.o [1]
LCD_CtrlLinesConfig     0x080156f9   0x1ac  Code  Gb  stm32f4_discovery_lcd.o [1]
LCD_Currentfonts        0x2000961c     0x4  Data  Lc  stm32f4_discovery_lcd.o [1]
LCD_DisplayChar         0x08015bcb    0x26  Code  Gb  stm32f4_discovery_lcd.o [1]
LCD_DisplayStringLine   0x08015bf1    0x34  Code  Gb  stm32f4_discovery_lcd.o [1]
LCD_DrawChar            0x08015b0f    0xbc  Code  Gb  stm32f4_discovery_lcd.o [1]
LCD_FSMCConfig          0x080158a5    0x78  Code  Gb  stm32f4_discovery_lcd.o [1]
LCD_GetFont             0x08015adf     0x8  Code  Gb  stm32f4_discovery_lcd.o [1]
LCD_LED_Init            0x08016999    0x68  Code  Gb  main.o [1]
LCD_SetBackColor        0x08015ac7    0x10  Code  Gb  stm32f4_discovery_lcd.o [1]
LCD_SetCursor           0x08015a7b    0x1a  Code  Gb  stm32f4_discovery_lcd.o [1]
LCD_SetFont             0x08015ad7     0x8  Code  Gb  stm32f4_discovery_lcd.o [1]
LCD_SetTextColor        0x08015ab7    0x10  Code  Gb  stm32f4_discovery_lcd.o [1]
LCD_WriteRAM            0x08015aaf     0x8  Code  Gb  stm32f4_discovery_lcd.o [1]
LCD_WriteRAM_Prepare    0x08015aa5     0xa  Code  Gb  stm32f4_discovery_lcd.o [1]
LCD_WriteReg            0x08015a95    0x10  Code  Gb  stm32f4_discovery_lcd.o [1]
LEDS_CGI                0x08016d84     0x8  Data  Gb  httpd_cgi_ssi.o [1]
LEDS_CGI_Handler        0x080125a5    0x34  Code  Gb  httpd_cgi_ssi.o [1]
LocalTime               0x200095f8     0x4  Data  Gb  main.o [1]
LwIP_Init               0x08016825    0xa8  Code  Gb  netconf.o [1]
LwIP_Periodic_Handle    0x080168d7    0x34  Code  Gb  netconf.o [1]
LwIP_Pkt_Handle         0x080168cd     0xa  Code  Gb  netconf.o [1]
MemManage_Handler       0x08016b21     0x2  Code  Gb  stm32f4xx_it.o [1]
NMI_Handler             0x08016b1d     0x2  Code  Gb  stm32f4xx_it.o [1]
NVIC_SetPriority        0x0801625d    0x22  Code  Lc  stm32f4x7_eth_bsp.o [1]
OTG_FS_IRQHandler       0x08016ee1          Code  Wk  startup_stm32f4xx.o [1]
OTG_FS_WKUP_IRQHandler  0x08016e7d          Code  Wk  startup_stm32f4xx.o [1]
OTG_HS_EP1_IN_IRQHandler
                        0x08016f01          Code  Wk  startup_stm32f4xx.o [1]
OTG_HS_EP1_OUT_IRQHandler
                        0x08016efd          Code  Wk  startup_stm32f4xx.o [1]
OTG_HS_IRQHandler       0x08016f09          Code  Wk  startup_stm32f4xx.o [1]
OTG_HS_WKUP_IRQHandler  0x08016f05          Code  Wk  startup_stm32f4xx.o [1]
PVD_IRQHandler          0x08016dd9          Code  Wk  startup_stm32f4xx.o [1]
PendSV_Handler          0x08016b2b     0x2  Code  Gb  stm32f4xx_it.o [1]
RCC_AHB1PeriphClockCmd  0x0801273b    0x20  Code  Gb  stm32f4xx_rcc.o [1]
RCC_AHB1PeriphResetCmd  0x0801279b    0x20  Code  Gb  stm32f4xx_rcc.o [1]
RCC_AHB3PeriphClockCmd  0x0801275b    0x20  Code  Gb  stm32f4xx_rcc.o [1]
RCC_APB2PeriphClockCmd  0x0801277b    0x20  Code  Gb  stm32f4xx_rcc.o [1]
RCC_GetClocksFreq       0x08012659    0xe2  Code  Gb  stm32f4xx_rcc.o [1]
RCC_IRQHandler          0x08016de9          Code  Wk  startup_stm32f4xx.o [1]
RTC_Alarm_IRQHandler    0x08016e79          Code  Wk  startup_stm32f4xx.o [1]
RTC_WKUP_IRQHandler     0x08016de1          Code  Wk  startup_stm32f4xx.o [1]
RX_Frame_Descriptor     0x200095bc     0xc  Data  Gb  stm32f4x7_eth.o [1]
Region$$Table$$Base     0x08016a64           --   Gb  - Linker created -
Region$$Table$$Limit    0x08016a88           --   Gb  - Linker created -
Reset_Handler           0x08016cb9          Code  Wk  startup_stm32f4xx.o [1]
Rx_Buff                 0x20004cec  0x1dc4  Data  Gb  stm32f4x7_eth.o [1]
SDIO_IRQHandler         0x08016e99          Code  Wk  startup_stm32f4xx.o [1]
SPI1_IRQHandler         0x08016e61          Code  Wk  startup_stm32f4xx.o [1]
SPI2_IRQHandler         0x08016e65          Code  Wk  startup_stm32f4xx.o [1]
SPI3_IRQHandler         0x08016ea1          Code  Wk  startup_stm32f4xx.o [1]
STM32f4_Discovery_LCD_Init
                        0x0801591d   0x15e  Code  Gb  stm32f4_discovery_lcd.o [1]
STM_EVAL_LEDInit        0x08012c69    0x4a  Code  Gb  stm32f4_discovery.o [1]
STM_EVAL_LEDOff         0x08012ccb    0x18  Code  Gb  stm32f4_discovery.o [1]
STM_EVAL_LEDOn          0x08012cb3    0x18  Code  Gb  stm32f4_discovery.o [1]
SVC_Handler             0x08016b27     0x2  Code  Gb  stm32f4xx_it.o [1]
SYSCFG_ETH_MediaInterfaceConfig
                        0x0801651d     0x6  Code  Gb  stm32f4xx_syscfg.o [1]
SetSysClock             0x08016723    0xce  Code  Lc  system_stm32f4xx.o [1]
SysTick_CLKSourceConfig
                        0x080164f5    0x20  Code  Gb  misc.o [1]
SysTick_Config          0x0801627f    0x30  Code  Lc  stm32f4x7_eth_bsp.o [1]
SysTick_Handler         0x08016b2d     0x8  Code  Gb  stm32f4xx_it.o [1]
SystemInit              0x080166d1    0x52  Code  Gb  system_stm32f4xx.o [1]
TAGCHAR                 0x200000b4     0x4  Data  Gb  httpd_cgi_ssi.o [1]
TAGS                    0x200000b8     0x4  Data  Gb  httpd_cgi_ssi.o [1]
TAMP_STAMP_IRQHandler   0x08016ddd          Code  Wk  startup_stm32f4xx.o [1]
TCPTimer                0x20009608     0x4  Data  Gb  netconf.o [1]
TIM1_BRK_TIM9_IRQHandler
                        0x08016e35          Code  Wk  startup_stm32f4xx.o [1]
TIM1_CC_IRQHandler      0x08016e41          Code  Wk  startup_stm32f4xx.o [1]
TIM1_TRG_COM_TIM11_IRQHandler
                        0x08016e3d          Code  Wk  startup_stm32f4xx.o [1]
TIM1_UP_TIM10_IRQHandler
                        0x08016e39          Code  Wk  startup_stm32f4xx.o [1]
TIM2_IRQHandler         0x08016e45          Code  Wk  startup_stm32f4xx.o [1]
TIM3_IRQHandler         0x08016e49          Code  Wk  startup_stm32f4xx.o [1]
TIM4_IRQHandler         0x08016e4d          Code  Wk  startup_stm32f4xx.o [1]
TIM5_IRQHandler         0x08016e9d          Code  Wk  startup_stm32f4xx.o [1]
TIM6_DAC_IRQHandler     0x08016ead          Code  Wk  startup_stm32f4xx.o [1]
TIM7_IRQHandler         0x08016eb1          Code  Wk  startup_stm32f4xx.o [1]
TIM8_BRK_TIM12_IRQHandler
                        0x08016e81          Code  Wk  startup_stm32f4xx.o [1]
TIM8_CC_IRQHandler      0x08016e8d          Code  Wk  startup_stm32f4xx.o [1]
TIM8_TRG_COM_TIM14_IRQHandler
                        0x08016e89          Code  Wk  startup_stm32f4xx.o [1]
TIM8_UP_TIM13_IRQHandler
                        0x08016e85          Code  Wk  startup_stm32f4xx.o [1]
TextColor               0x2000966c     0x2  Data  Lc  stm32f4_discovery_lcd.o [1]
Time_Update             0x0801698d     0xc  Code  Gb  main.o [1]
Tx_Buff                 0x20006ab0  0x1dc4  Data  Gb  stm32f4x7_eth.o [1]
UART4_IRQHandler        0x08016ea5          Code  Wk  startup_stm32f4xx.o [1]
UART5_IRQHandler        0x08016ea9          Code  Wk  startup_stm32f4xx.o [1]
USART1_IRQHandler       0x08016e69          Code  Wk  startup_stm32f4xx.o [1]
USART2_IRQHandler       0x08016e6d          Code  Wk  startup_stm32f4xx.o [1]
USART3_IRQHandler       0x08016e71          Code  Wk  startup_stm32f4xx.o [1]
USART6_IRQHandler       0x08016ef1          Code  Wk  startup_stm32f4xx.o [1]
UsageFault_Handler      0x08016b25     0x2  Code  Gb  stm32f4xx_it.o [1]
WWDG_IRQHandler         0x08016dd5          Code  Wk  startup_stm32f4xx.o [1]
_EncodingSb_Mbtowc      0x08015683    0x30  Code  Gb  xencoding_sb.o [3]
_EncodingSb_Wctomb      0x08015669    0x1a  Code  Gb  xencoding_sb.o [3]
_IsdstStr               0x20000004     0x4  Data  Gb  setlocale.o [3]
_LitobSmall             0x0801536f    0xce  Code  Lc  xprintfsmall.o [3]
_LocaleEncoding         0x08015655     0xe  Code  Gb  setlocale.o [3]
_LocaleReturnString     0x20000024    0x50  Data  Lc  setlocale.o [3]
_Locale_Profile         0x20000008    0x1c  Data  Gb  setlocale.o [3]
_Mbtowc                 0x08015485    0x20  Code  Gb  xmbtowc.o [3]
_PrintfSmall            0x08014d3d   0x3f6  Code  Gb  xprintfsmall.o [3]
_PutcharsSmall          0x0801543d    0x2e  Code  Lc  xprintfsmall.o [3]
_PutstrSmall            0x0801513d   0x232  Code  Lc  xprintfsmall.o [3]
_SProut                 0x0800c79b     0xa  Code  Gb  xsprout.o [3]
_TzoneStr               0x20000000     0x4  Data  Gb  setlocale.o [3]
_Wctomb                 0x080155b9    0x1a  Code  Gb  xwctomb.o [3]
__aeabi_d2uiz           0x08012c3d          Code  Gb  DblToI32.o [4]
__aeabi_dmul            0x08012a99          Code  Gb  DblMul.o [4]
__aeabi_memcpy          0x0800c725          Code  Gb  ABImemcpy.o [5]
__aeabi_memcpy4         0x0800c745          Code  Gb  ABImemcpy.o [5]
__aeabi_memcpy8         0x0800c745          Code  Gb  ABImemcpy.o [5]
__aeabi_memset          0x0800c7a5          Code  Gb  ABImemset.o [5]
__aeabi_ui2d            0x08012a7d          Code  Gb  I32ToDbl.o [4]
__cmain                 0x08016b35          Code  Gb  cmain.o [5]
__data_Aldata           0x200095d0     0x8  Data  Gb  xxmemxmalloc.o [3]
__data_GetMemChunk      0x080156c9    0x2c  Code  Gb  xgetmemchunk.o [3]
__exit                  0x08016b61    0x14  Code  Gb  exit.o [6]
__iar_Mbcurmax          0x080154fd     0xa  Code  Gb  xmbcurmax.o [3]
__iar_Memchr            0x080154a5          Code  Gb  memchr.o [5]
__iar_Memset            0x0800c7a5          Code  Gb  ABImemset.o [5]
__iar_Memset_word       0x0800c7ad          Code  Gb  ABImemset.o [5]
__iar_Strchr            0x08012411          Code  Gb  strchr.o [5]
__iar_Strstr            0x0801262d    0x2c  Code  Gb  strstr.o [3]
__iar_copy_init3        0x0800a96f    0x2e  Code  Gb  copy_init3.o [5]
__iar_d2uiz             0x08012c49          Code  Gb  DblToI32.o [4]
__iar_data_init3        0x08016a3d    0x28  Code  Gb  data_init.o [5]
__iar_dlib_perthread_access
                        0x080156f5     0x2  Code  Gb  xtls.o [3]
__iar_init_vfp          0x08016a89          Code  Gb  fpinit_M.o [4]
__iar_program_start     0x08016d29          Code  Gb  cstartup_M.o [5]
__iar_strcmp            0x08012429          Code  Gb  strcmp.o [5]
__iar_ui2d              0x08012a81          Code  Gb  I32ToDbl.o [4]
__iar_zero_init3        0x0800c357    0x22  Code  Gb  zero_init3.o [5]
__low_level_init        0x08016b4b     0x4  Code  Gb  low_level_init.o [3]
__vector_table          0x08000000          Data  Gb  startup_stm32f4xx.o [1]
_call_main              0x08016b41          Code  Gb  cmain.o [5]
_exit                   0x08016b55          Code  Gb  cexit.o [5]
_main                   0x08016b47          Code  Gb  cmain.o [5]
ackno                   0x20009654     0x4  Data  Lc  tcp_in.o [1]
arp_table               0x20009344    0xc8  Data  Lc  etharp.o [1]
autoip_arp_announce     0x0800dffb    0x26  Code  Lc  autoip.o [1]
autoip_arp_reply        0x0800e101    0xc6  Code  Gb  autoip.o [1]
autoip_create_addr      0x0800dfb3    0x48  Code  Lc  autoip.o [1]
autoip_handle_arp_conflict
                        0x0800df81    0x32  Code  Lc  autoip.o [1]
autoip_start            0x0800e021    0x7c  Code  Gb  autoip.o [1]
autoip_start_probing    0x0800e09d    0x54  Code  Lc  autoip.o [1]
buf                     0x20008874   0x5e0  Data  Lc  ip_frag.o [1]
current_header          0x200095f0     0x4  Data  Gb  ip.o [1]
current_netif           0x200095ec     0x4  Data  Gb  ip.o [1]
data__404_html          0x08015d80   0x4dc  Data  Lc  fs.o [1]
data__STM32F4x7ADC_shtml
                        0x0800f6e4   0xfc4  Data  Lc  fs.o [1]
data__STM32F4x7LED_html
                        0x080106a8   0xf2c  Data  Lc  fs.o [1]
data__STM32F4x7_files_ST_gif
                        0x08013948   0xabc  Data  Lc  fs.o [1]
data__STM32F4x7_files_logo_jpg
                        0x08012cf0   0xc58  Data  Lc  fs.o [1]
data__STM32F4x7_files_stm32_jpg
                        0x08000188  0x6660  Data  Lc  fs.o [1]
data__index_html        0x080067e8  0x29e4  Data  Lc  fs.o [1]
delay                   0x08015c41    0x24  Code  Lc  stm32f4_discovery_lcd.o [1]
dhcp_arp_reply          0x0800e1c9    0x24  Code  Gb  dhcp.o [1]
dhcp_create_request     0x0800e311   0x134  Code  Lc  dhcp.o [1]
dhcp_decline            0x0800e1ed    0x94  Code  Lc  dhcp.o [1]
dhcp_delete_request     0x0800e455    0x22  Code  Lc  dhcp.o [1]
dhcp_option             0x0800e291    0x26  Code  Lc  dhcp.o [1]
dhcp_option_byte        0x0800e2b7    0x12  Code  Lc  dhcp.o [1]
dhcp_option_long        0x0800e2c9    0x48  Code  Lc  dhcp.o [1]
dhcp_option_trailer     0x0800e477    0x3a  Code  Lc  dhcp.o [1]
dhcp_set_state          0x0800e281    0x10  Code  Lc  dhcp.o [1]
etharp_arp_input        0x0800d991   0x17e  Code  Gb  etharp.o [1]
etharp_cached_entry     0x20009670     0x1  Data  Lc  etharp.o [1]
etharp_ip_input         0x0800d967    0x2a  Code  Gb  etharp.o [1]
etharp_output           0x0800db0f    0xbe  Code  Gb  etharp.o [1]
etharp_query            0x0800dbcd   0x182  Code  Gb  etharp.o [1]
etharp_raw              0x0800dd4f    0xea  Code  Gb  etharp.o [1]
etharp_request          0x0800de39    0x24  Code  Gb  etharp.o [1]
etharp_send_ip          0x0800d82f    0x3a  Code  Lc  etharp.o [1]
etharp_tmr              0x0800d50f    0xba  Code  Gb  etharp.o [1]
ethbroadcast            0x08016d34     0x8  Data  Gb  etharp.o [1]
ethernet_input          0x0800de6d    0x64  Code  Gb  etharp.o [1]
ethernetif_init         0x0801668b    0x1e  Code  Gb  ethernetif.o [1]
ethernetif_input        0x08016657    0x34  Code  Gb  ethernetif.o [1]
ethzero                 0x08016d3c     0x8  Data  Gb  etharp.o [1]
exit                    0x08016b4f     0x4  Code  Gb  exit.o [3]
extract_uri_parameters  0x0801172f    0x82  Code  Lc  httpd.o [1]
file__404_html          0x08016bb0    0x14  Data  Gb  fs.o [1]
file__STM32F4x7ADC_shtml
                        0x08016bd8    0x14  Data  Gb  fs.o [1]
file__STM32F4x7LED_html
                        0x08016bec    0x14  Data  Gb  fs.o [1]
file__STM32F4x7_files_ST_gif
                        0x08016b88    0x14  Data  Gb  fs.o [1]
file__STM32F4x7_files_logo_jpg
                        0x08016b74    0x14  Data  Gb  fs.o [1]
file__STM32F4x7_files_stm32_jpg
                        0x08016b9c    0x14  Data  Gb  fs.o [1]
file__index_html        0x08016bc4    0x14  Data  Gb  fs.o [1]
find_entry              0x0800d5c9   0x266  Code  Lc  etharp.o [1]
flags                   0x20009674     0x1  Data  Lc  tcp_in.o [1]
free                    0x080155d5    0x7a  Code  Gb  xxmemxfree.o [3]
free_etharp_q           0x0800d4f1    0x1e  Code  Lc  etharp.o [1]
fs_bytes_left           0x08012407     0x8  Code  Gb  fs.o [1]
fs_close                0x080123c9     0x8  Code  Gb  fs.o [1]
fs_free                 0x08012353    0x24  Code  Lc  fs.o [1]
fs_malloc               0x08012321    0x32  Code  Lc  fs.o [1]
fs_memory               0x20009254    0xf0  Data  Gb  fs.o [1]
fs_open                 0x08012377    0x4a  Code  Gb  fs.o [1]
fs_read                 0x080123d1    0x36  Code  Gb  fs.o [1]
g_iNumCGIs              0x200095e8     0x4  Data  Gb  httpd.o [1]
g_iNumTags              0x200095dc     0x4  Data  Gb  httpd.o [1]
g_pCGIs                 0x200095e4     0x4  Data  Gb  httpd.o [1]
g_pcSSIExtensions       0x20000074    0x10  Data  Gb  httpd.o [1]
g_pcTagLeadIn           0x08016da0     0x4  Data  Gb  httpd.o [1]
g_pcTagLeadOut          0x08016da4     0x4  Data  Gb  httpd.o [1]
g_pfnSSIHandler         0x200095d8     0x4  Data  Gb  httpd.o [1]
g_ppcTags               0x200095e0     0x4  Data  Gb  httpd.o [1]
g_psDefaultFilenames    0x08016a14    0x28  Data  Gb  httpd.o [1]
get_tag_insert          0x080117b1    0xb6  Code  Lc  httpd.o [1]
htonl                   0x0800a4cb    0x18  Code  Gb  inet.o [1]
htons                   0x0800a4b5     0xc  Code  Gb  inet.o [1]
http_accept             0x080121b5    0x4a  Code  Lc  httpd.o [1]
http_close_conn         0x080116df    0x50  Code  Lc  httpd.o [1]
http_err                0x080120ad     0xc  Code  Lc  httpd.o [1]
http_find_file          0x08011f0b   0x12a  Code  Lc  httpd.o [1]
http_get_404_file       0x08011dc1    0x3a  Code  Lc  httpd.o [1]
http_init_file          0x08012035    0x6e  Code  Lc  httpd.o [1]
http_parse_request      0x08011dfb   0x110  Code  Lc  httpd.o [1]
http_poll               0x080120d5    0x4c  Code  Lc  httpd.o [1]
http_recv               0x08012121    0x94  Code  Lc  httpd.o [1]
http_send_data          0x08011867   0x55a  Code  Lc  httpd.o [1]
http_sent               0x080120b9    0x1c  Code  Lc  httpd.o [1]
http_set_cgi_handlers   0x08012259     0xa  Code  Gb  httpd.o [1]
http_set_ssi_handler    0x0801224b     0xe  Code  Gb  httpd.o [1]
http_state_alloc        0x0801162b    0x20  Code  Lc  httpd.o [1]
http_state_free         0x0801164b    0x30  Code  Lc  httpd.o [1]
http_write              0x0801167b    0x64  Code  Lc  httpd.o [1]
httpd_cgi_init          0x080125e9    0x18  Code  Gb  httpd_cgi_ssi.o [1]
httpd_init              0x08012239    0x12  Code  Gb  httpd.o [1]
httpd_init_addr         0x080121ff    0x3a  Code  Lc  httpd.o [1]
httpd_req_buf           0x20008e54   0x400  Data  Lc  httpd.o [1]
httpd_ssi_init          0x080125d9    0x10  Code  Gb  httpd_cgi_ssi.o [1]
icmp_dest_unreach       0x0800d46b     0xe  Code  Gb  icmp.o [1]
icmp_input              0x0800d309   0x162  Code  Gb  icmp.o [1]
icmp_send_response      0x0800d487    0x6a  Code  Lc  icmp.o [1]
icmp_time_exceeded      0x0800d479     0xe  Code  Gb  icmp.o [1]
inet_chksum             0x0800df1b     0xe  Code  Gb  inet_chksum.o [1]
inet_chksum_pbuf        0x0800df29    0x56  Code  Gb  inet_chksum.o [1]
inseg                   0x200095a8    0x14  Data  Lc  tcp_in.o [1]
ip_addr_any             0x08016da8     0x4  Data  Gb  ip_addr.o [1]
ip_addr_broadcast       0x08016dac     0x4  Data  Gb  ip_addr.o [1]
ip_addr_isbroadcast     0x0800a91f    0x50  Code  Gb  ip_addr.o [1]
ip_frag                 0x0800cd99   0x16a  Code  Gb  ip_frag.o [1]
ip_input                0x0800c3c5   0x1e8  Code  Gb  ip.o [1]
ip_output               0x0800c6e9    0x3c  Code  Gb  ip.o [1]
ip_output_if            0x0800c5ad   0x128  Code  Gb  ip.o [1]
ip_reass                0x0800cbf7   0x1a2  Code  Gb  ip_frag.o [1]
ip_reass_chain_frag_into_datagram_and_validate
                        0x0800cadd   0x11a  Code  Lc  ip_frag.o [1]
ip_reass_dequeue_datagram
                        0x0800cab9    0x24  Code  Lc  ip_frag.o [1]
ip_reass_enqueue_new_datagram
                        0x0800ca5f    0x5a  Code  Lc  ip_frag.o [1]
ip_reass_free_complete_datagram
                        0x0800c96d    0x7a  Code  Lc  ip_frag.o [1]
ip_reass_pbufcount      0x2000966a     0x2  Data  Lc  ip_frag.o [1]
ip_reass_remove_oldest_datagram
                        0x0800c9e7    0x78  Code  Lc  ip_frag.o [1]
ip_route                0x0800c379    0x4c  Code  Gb  ip.o [1]
iphdr                   0x2000964c     0x4  Data  Lc  tcp_in.o [1]
lfree                   0x20009604     0x4  Data  Lc  mem.o [1]
low_level_init          0x08016529    0x76  Code  Lc  ethernetif.o [1]
low_level_input         0x080165cf    0x88  Code  Lc  ethernetif.o [1]
low_level_output        0x0801659f    0x30  Code  Lc  ethernetif.o [1]
lwip_standard_chksum    0x0800ded1    0x4a  Code  Lc  inet_chksum.o [1]
main                    0x08016965    0x28  Code  Gb  main.o [1]
malloc                  0x08015509    0xac  Code  Gb  xxmemxmalloc.o [3]
mem_free                0x0800c11f    0x30  Code  Gb  mem.o [1]
mem_init                0x0800c0cb    0x54  Code  Gb  mem.o [1]
mem_malloc              0x0800c239    0xe6  Code  Gb  mem.o [1]
mem_realloc             0x0800c14f    0xea  Code  Gb  mem.o [1]
mem_sem                 0x20009671     0x1  Data  Lc  mem.o [1]
memchr                  0x080154a5          Code  Gb  memchr.o [5]
memcmp                  0x0800e4b1          Code  Gb  memcmp.o [5]
memcpy                  0x0800c335     0xe  Code  Gb  tcp_out.o [1]
memp_free               0x0800b4f7    0x18  Code  Gb  memp.o [1]
memp_init               0x0800b479    0x5a  Code  Gb  memp.o [1]
memp_malloc             0x0800b4d3    0x24  Code  Gb  memp.o [1]
memp_memory             0x200028d8  0x2414  Data  Lc  memp.o [1]
memp_num                0x08016c3c    0x14  Data  Lc  memp.o [1]
memp_sizes              0x08016c28    0x14  Data  Lc  memp.o [1]
memp_tab                0x20009584    0x24  Data  Lc  memp.o [1]
memset                  0x0800c343    0x14  Code  Gb  udp.o [1]
netif                   0x2000954c    0x38  Data  Gb  netconf.o [1]
netif_add               0x0800c80d    0x5a  Code  Gb  netif.o [1]
netif_default           0x20009614     0x4  Data  Gb  netif.o [1]
netif_is_up             0x0800c961     0xa  Code  Gb  netif.o [1]
netif_list              0x20009610     0x4  Data  Gb  netif.o [1]
netif_set_addr          0x0800c867    0x20  Code  Gb  netif.o [1]
netif_set_default       0x0800c909     0x6  Code  Gb  netif.o [1]
netif_set_down          0x0800c94b    0x16  Code  Gb  netif.o [1]
netif_set_gw            0x0800c8ed     0xe  Code  Gb  netif.o [1]
netif_set_ipaddr        0x0800c887    0x66  Code  Gb  netif.o [1]
netif_set_netmask       0x0800c8fb     0xe  Code  Gb  netif.o [1]
netif_set_up            0x0800c925    0x26  Code  Gb  netif.o [1]
ntohl                   0x0800a4e3     0x8  Code  Gb  inet.o [1]
ntohs                   0x0800a4c1     0xa  Code  Gb  inet.o [1]
pbuf_alloc              0x0800a4eb   0x148  Code  Gb  pbuf.o [1]
pbuf_cat                0x0800a79d    0x28  Code  Gb  pbuf.o [1]
pbuf_chain              0x0800a7c5    0x12  Code  Gb  pbuf.o [1]
pbuf_clen               0x0800a77f    0x12  Code  Gb  pbuf.o [1]
pbuf_copy               0x0800a7d7    0xb0  Code  Gb  pbuf.o [1]
pbuf_copy_partial       0x0800a887    0x98  Code  Gb  pbuf.o [1]
pbuf_free               0x0800a725    0x5a  Code  Gb  pbuf.o [1]
pbuf_header             0x0800a693    0x92  Code  Gb  pbuf.o [1]
pbuf_realloc            0x0800a633    0x60  Code  Gb  pbuf.o [1]
pbuf_ref                0x0800a791     0xc  Code  Gb  pbuf.o [1]
plug_holes              0x0800c05d    0x6e  Code  Lc  mem.o [1]
ram                     0x200095fc     0x4  Data  Lc  mem.o [1]
ram_end                 0x20009600     0x4  Data  Lc  mem.o [1]
ram_heap                0x200000c4  0x2814  Data  Lc  mem.o [1]
raw_input               0x0800cf11    0x82  Code  Gb  raw.o [1]
raw_pcbs                0x20009618     0x4  Data  Lc  raw.o [1]
reassdatagrams          0x200095f4     0x4  Data  Lc  ip_frag.o [1]
recv_data               0x20009658     0x4  Data  Lc  tcp_in.o [1]
recv_flags              0x20009675     0x1  Data  Lc  tcp_in.o [1]
seqno                   0x20009650     0x4  Data  Lc  tcp_in.o [1]
sprintf                 0x08016931    0x34  Code  Gb  sprintf.o [3]
strchr                  0x08012411          Code  Gb  strchr.o [5]
strcmp                  0x08012429          Code  Gb  strcmp.o [5]
strlen                  0x080122c1          Code  Gb  strlen.o [5]
strncmp                 0x080122f7    0x2a  Code  Gb  strncmp.o [3]
strnstr                 0x080115d5    0x56  Code  Lc  httpd.o [1]
strstr                  0x0801246b     0x8  Code  Gb  httpd.o [1]
tcp_abandon             0x0800aacf    0xb0  Code  Gb  tcp.o [1]
tcp_accept              0x0800b33b     0x4  Code  Gb  tcp.o [1]
tcp_accept_null         0x0800ac8b     0x6  Code  Lc  tcp.o [1]
tcp_active_pcbs         0x2000963c     0x4  Data  Gb  tcp.o [1]
tcp_alloc               0x0800b265    0xb6  Code  Gb  tcp.o [1]
tcp_arg                 0x0800b325     0x4  Code  Gb  tcp.o [1]
tcp_backoff             0x08016ca8    0x10  Data  Gb  tcp.o [1]
tcp_bind                0x0800ab7f   0x10c  Code  Gb  tcp.o [1]
tcp_bound_pcbs          0x20009634     0x4  Data  Gb  tcp.o [1]
tcp_close               0x0800a9bb   0x114  Code  Gb  tcp.o [1]
tcp_eff_send_mss        0x0800b40f    0x28  Code  Gb  tcp.o [1]
tcp_enqueue             0x0800b5ef   0x496  Code  Gb  tcp_out.o [1]
tcp_err                 0x0800b335     0x6  Code  Gb  tcp.o [1]
tcp_fasttmr             0x0800b113    0x6a  Code  Gb  tcp.o [1]
tcp_input               0x080091cd   0x49e  Code  Gb  tcp_in.o [1]
tcp_input_pcb           0x2000965c     0x4  Data  Gb  tcp_in.o [1]
tcp_keepalive           0x0800bf6f    0x46  Code  Gb  tcp_out.o [1]
tcp_kill_prio           0x0800b1e7    0x4a  Code  Lc  tcp.o [1]
tcp_kill_timewait       0x0800b231    0x34  Code  Lc  tcp.o [1]
tcp_listen_input        0x0800966b   0x148  Code  Lc  tcp_in.o [1]
tcp_listen_pcbs         0x20009638     0x4  Data  Gb  tcp.o [1]
tcp_listen_with_backlog
                        0x0800ac91    0xce  Code  Gb  tcp.o [1]
tcp_new                 0x0800b31b     0xa  Code  Gb  tcp.o [1]
tcp_new_port            0x0800ade5    0x7c  Code  Lc  tcp.o [1]
tcp_next_iss            0x0800b3fb    0x14  Code  Gb  tcp.o [1]
tcp_output              0x0800bae7   0x202  Code  Gb  tcp_out.o [1]
tcp_output_segment      0x0800bce9    0xbe  Code  Lc  tcp_out.o [1]
tcp_output_set_header   0x0800b521    0x78  Code  Lc  tcp_out.o [1]
tcp_parseopt            0x0800a3e1    0xb0  Code  Lc  tcp_in.o [1]
tcp_pcb_purge           0x0800b349    0x3a  Code  Gb  tcp.o [1]
tcp_pcb_remove          0x0800b383    0x78  Code  Gb  tcp.o [1]
tcp_persist_backoff     0x08016d94     0x8  Data  Gb  tcp.o [1]
tcp_poll                0x0800b33f     0xa  Code  Gb  tcp.o [1]
tcp_process             0x08009867   0x534  Code  Lc  tcp_in.o [1]
tcp_receive             0x08009dd1   0x60a  Code  Lc  tcp_in.o [1]
tcp_recv                0x0800b329     0x6  Code  Gb  tcp.o [1]
tcp_recv_null           0x0800b1c1    0x26  Code  Gb  tcp.o [1]
tcp_recved              0x0800ada9    0x3c  Code  Gb  tcp.o [1]
tcp_rexmit              0x0800bea9    0x4e  Code  Gb  tcp_out.o [1]
tcp_rexmit_fast         0x0800bef7    0x78  Code  Gb  tcp_out.o [1]
tcp_rexmit_rto          0x0800be75    0x34  Code  Gb  tcp_out.o [1]
tcp_rst                 0x0800bdb5    0xc0  Code  Gb  tcp_out.o [1]
tcp_seg_free            0x0800b197    0x26  Code  Gb  tcp.o [1]
tcp_segs_free           0x0800b17d    0x1a  Code  Gb  tcp.o [1]
tcp_send_ctrl           0x0800b599    0x1a  Code  Gb  tcp_out.o [1]
tcp_send_empty_ack      0x0800ba85    0x62  Code  Gb  tcp_out.o [1]
tcp_sent                0x0800b32f     0x6  Code  Gb  tcp.o [1]
tcp_setprio             0x0800b1bd     0x4  Code  Gb  tcp.o [1]
tcp_slowtmr             0x0800ae61   0x2b2  Code  Gb  tcp.o [1]
tcp_ticks               0x20009630     0x4  Data  Gb  tcp.o [1]
tcp_timer               0x20009673     0x1  Data  Lc  tcp.o [1]
tcp_timewait_input      0x080097b3    0xb4  Code  Lc  tcp_in.o [1]
tcp_tmp_pcb             0x20009644     0x4  Data  Gb  tcp.o [1]
tcp_tmr                 0x0800a99d    0x1e  Code  Gb  tcp.o [1]
tcp_tw_pcbs             0x20009640     0x4  Data  Gb  tcp.o [1]
tcp_update_rcv_ann_wnd  0x0800ad5f    0x4a  Code  Gb  tcp.o [1]
tcp_write               0x0800b5b3    0x3c  Code  Gb  tcp_out.o [1]
tcp_zero_window_probe   0x0800bfb5    0xa8  Code  Gb  tcp_out.o [1]
tcphdr                  0x20009648     0x4  Data  Lc  tcp_in.o [1]
tcplen                  0x2000966e     0x2  Data  Lc  tcp_in.o [1]
udp_bind                0x0800d28f    0x74  Code  Gb  udp.o [1]
udp_input               0x0800cf99   0x20c  Code  Gb  udp.o [1]
udp_pcbs                0x20009660     0x4  Data  Gb  udp.o [1]
udp_sendto_if           0x0800d1a5    0xea  Code  Gb  udp.o [1]
update_arp_entry        0x0800d869    0xfe  Code  Lc  etharp.o [1]


[1] = D:\STM32F4xx_Ethernet_Example\Project\Standalone\httpserver\EWARM\Discover-More\Obj
[2] = command line
[3] = dl7M_tlf.a
[4] = m7M_tlv.a
[5] = rt7M_tl.a
[6] = shb_l.a

  36 670 bytes of readonly  code memory
  57 506 bytes of readonly  data memory
  40 054 bytes of readwrite data memory

Errors: none
Warnings: none
